- The project is out-of-sync -- use `renv::status()` for details.
Warning message:
replacing previous import ‘S4Arrays::makeNindexFromArrayViewport’ by ‘DelayedArray::makeNindexFromArrayViewport’ when loading ‘SummarizedExperiment’ 

── Fallback RUN — build input (ottimizzato) + submit ───────────────────────────
ℹ Candidati: 113475 (112604 candidate + 871 canary)
ℹ Indice assignments (split)...
ℹ current_ids da anchor_key (113475 cluster)...
[4b] Costruzione mappa record_id -> GSM membri dal master Stadio 2...
  Mappa pronta: 271791 record_id in 4.9 sec
ℹ Record membri dei candidati (union)...
ℹ GSM membri distinti: 126130
ℹ Stream Stadio 1 input per gsm_text (subset)...
ℹ   ... 50000 righe S1 scandite, 6260/126130 testi raccolti
ℹ   ... 100000 righe S1 scandite, 10717/126130 testi raccolti
ℹ   ... 150000 righe S1 scandite, 15967/126130 testi raccolti
ℹ   ... 200000 righe S1 scandite, 21710/126130 testi raccolti
ℹ   ... 250000 righe S1 scandite, 24672/126130 testi raccolti
ℹ   ... 300000 righe S1 scandite, 29416/126130 testi raccolti
ℹ   ... 350000 righe S1 scandite, 35973/126130 testi raccolti
ℹ   ... 400000 righe S1 scandite, 41558/126130 testi raccolti
ℹ   ... 450000 righe S1 scandite, 48874/126130 testi raccolti
ℹ   ... 500000 righe S1 scandite, 55972/126130 testi raccolti
ℹ   ... 550000 righe S1 scandite, 63937/126130 testi raccolti
ℹ   ... 600000 righe S1 scandite, 71021/126130 testi raccolti
ℹ   ... 650000 righe S1 scandite, 80259/126130 testi raccolti
ℹ   ... 700000 righe S1 scandite, 91469/126130 testi raccolti
ℹ   ... 750000 righe S1 scandite, 101013/126130 testi raccolti
ℹ   ... 800000 righe S1 scandite, 112166/126130 testi raccolti
ℹ   ... 850000 righe S1 scandite, 120612/126130 testi raccolti
ℹ   ... 888821 righe S1 scandite, 126130/126130 testi raccolti
✔ gsm_text raccolti: 126130/126130
ℹ Metadati membri per cluster (inline)...
✔ Input jsonl: analysis/audit/name-cleanup-fallback-input.jsonl (113475 record)
✔ Submitted: run_id=20260719T205040Z-name-cleanup-cdb10b slurm=31998
✔ SUBMIT OK — run_id 20260719T205040Z-name-cleanup-cdb10b slurm 31998. Stato: analysis/p4-output/name-cleanup-fallback-state.rds
