- The project is out-of-sync -- use `renv::status()` for details.
ℹ Loading simulomicsr
Warning message:
replacing previous import ‘S4Arrays::makeNindexFromArrayViewport’ by ‘DelayedArray::makeNindexFromArrayViewport’ when loading ‘SummarizedExperiment’ 

── Stadio 4 Layer A rebuild v10 (Stadio 3 v10, ramo rem_group) [DRY_RUN] ───────
ℹ Loading stage3 + stage2_master...
✔ Loaded: 8255 clusters / 12990 assignments / 24394 stage2 studies (wall 5.9 sec)
ℹ Pre-filter stage2_master vs ARCHS4 H5 sample axis...
ℹ H5 sample axis: 888821 sample
✔ Pre-filter done in 9 sec: 15/491071 sample droppati ("0.003%") — non in ARCHS4 H5 v2.5
           used   (Mb) gc trigger   (Mb) max used   (Mb)
Ncells 21376482 1141.7   37785641 2018.0 28822511 1539.3
Vcells 39481297  301.3   63900872  487.6 53105186  405.2
ℹ MEGA-AUG mode: BIDIREZIONALE (anchor_policy=relaxed, direction=both)
ℹ Layer A: 28 clusters (rem=2, mega=0, mega_aug=4, rem_group=22)
ℹ MEGA-AUG baseline cluster matchati: 2
ℹ Assignments rilevanti: 788
ℹ Sample IDs totali Layer A: 1322
✔ h5_metadata: 1322 sample

── DRY_RUN — stop pre-DE ──

Layer A clusters: 28
rem: 2
mega: 0
mega_aug: 4
rem_group: 22
baseline pool clusters: 2
sample totali: 1322
wall stimato (164s/cluster): 1.3 h
