- The project is out-of-sync -- use `renv::status()` for details.
ℹ Loading simulomicsr
Warning message:
replacing previous import ‘S4Arrays::makeNindexFromArrayViewport’ by ‘DelayedArray::makeNindexFromArrayViewport’ when loading ‘SummarizedExperiment’ 

── Stadio 4 Layer A re-pool v13 (Stadio 3 v13, solo ramo rem_group) ────────────
ℹ Stadio 3: 'analysis/p4-output/20260728T151529Z-stage3-v13-364547a7'
ℹ Loading stage3 + stage2_master...
✔ Loaded: 322420 clusters / 574802 assignments / 24394 stage2 studies (wall 10.5 sec)
ℹ Pre-filter stage2_master vs ARCHS4 H5 sample axis...
ℹ H5 sample axis: 888821 sample
✔ Pre-filter done in 8.3 sec: 15/491071 sample droppati ("0.003%") — non in ARCHS4 H5 v2.5
           used   (Mb) gc trigger   (Mb) max used   (Mb)
Ncells 24728243 1320.7   39556218 2112.6 39556218 2112.6
Vcells 65497159  499.8  111588563  851.4 77196665  589.0
ℹ deliverable_methods: rem_group
ℹ Layer A: 305 clusters (rem=0, mega=0, mega_aug=0, rem_group=305)
✔ GATE: 305 cluster, tutti rem_group / cgroup_L5_
ℹ MEGA-AUG baseline cluster matchati: 0
ℹ Assignments rilevanti: 5361
ℹ Sample IDs totali Layer A: 24502
✔ h5_metadata: 24502 sample

── build_stage4_results ──

ℹ dream_workers resolved: 32
Repeated column names found in count matrix
[cluster 1/305] cgroup_L5_2987cdb6 (method=rem_group)
  -> cgroup_L5_2987cdb6 ok | wall 192.5s | RSS 11.6 GB
[cluster 2/305] cgroup_L5_828ae0cb (method=rem_group)
  -> cgroup_L5_828ae0cb ok | wall 176.8s | RSS 11.6 GB
[cluster 3/305] cgroup_L5_64d858b5 (method=rem_group)
[cluster 4/305] cgroup_L5_206576be (method=rem_group)
[cluster 5/305] cgroup_L5_37ecd157 (method=rem_group)
  -> cgroup_L5_37ecd157 ok | wall 97.6s | RSS 11.6 GB
[cluster 6/305] cgroup_L5_d9e23e09 (method=rem_group)
  -> cgroup_L5_d9e23e09 ok | wall 422.2s | RSS 11.6 GB
[cluster 7/305] cgroup_L5_aa505132 (method=rem_group)
[cluster 8/305] cgroup_L5_601ede7b (method=rem_group)
  -> cgroup_L5_601ede7b ok | wall 242.7s | RSS 11.6 GB
[cluster 9/305] cgroup_L5_b32ab7f6 (method=rem_group)
  -> cgroup_L5_b32ab7f6 ok | wall 185.4s | RSS 11.6 GB
[cluster 10/305] cgroup_L5_33673560 (method=rem_group)
  -> cgroup_L5_33673560 ok | wall 223.5s | RSS 11.6 GB
[cluster 11/305] cgroup_L5_b0e8388e (method=rem_group)
[cluster 12/305] cgroup_L5_d693cf88 (method=rem_group)
[cluster 13/305] cgroup_L5_f25af0a2 (method=rem_group)
[cluster 14/305] cgroup_L5_9132f546 (method=rem_group)
[cluster 15/305] cgroup_L5_87c40ebb (method=rem_group)
  -> cgroup_L5_87c40ebb ok | wall 300.7s | RSS 11.6 GB
[cluster 16/305] cgroup_L5_76a64c08 (method=rem_group)
[cluster 17/305] cgroup_L5_d631ee89 (method=rem_group)
  -> cgroup_L5_d631ee89 ok | wall 144.4s | RSS 11.6 GB
[cluster 18/305] cgroup_L5_49d55bfd (method=rem_group)
  -> cgroup_L5_49d55bfd ok | wall 284.3s | RSS 11.6 GB
[cluster 19/305] cgroup_L5_2d53def6 (method=rem_group)
  -> cgroup_L5_2d53def6 ok | wall 198.9s | RSS 11.6 GB
[cluster 20/305] cgroup_L5_be15b706 (method=rem_group)
  -> cgroup_L5_be15b706 ok | wall 294.7s | RSS 11.6 GB
[cluster 21/305] cgroup_L5_2ab433c8 (method=rem_group)
  -> cgroup_L5_2ab433c8 ok | wall 226.2s | RSS 11.6 GB
[cluster 22/305] cgroup_L5_4f4d9051 (method=rem_group)
  -> cgroup_L5_4f4d9051 ok | wall 228.0s | RSS 11.6 GB
[cluster 23/305] cgroup_L5_79981eb2 (method=rem_group)
[cluster 24/305] cgroup_L5_a25d0964 (method=rem_group)
  -> cgroup_L5_a25d0964 ok | wall 388.2s | RSS 11.6 GB
[cluster 25/305] cgroup_L5_3be7454c (method=rem_group)
  -> cgroup_L5_3be7454c ok | wall 182.0s | RSS 11.6 GB
[cluster 26/305] cgroup_L5_9bb4734d (method=rem_group)
  -> cgroup_L5_9bb4734d ok | wall 170.4s | RSS 11.6 GB
[cluster 27/305] cgroup_L5_3973fe03 (method=rem_group)
  -> cgroup_L5_3973fe03 ok | wall 207.1s | RSS 11.6 GB
[cluster 28/305] cgroup_L5_905be893 (method=rem_group)
  -> cgroup_L5_905be893 ok | wall 411.7s | RSS 11.6 GB
[cluster 29/305] cgroup_L5_e135d758 (method=rem_group)
[cluster 30/305] cgroup_L5_96c9f7bf (method=rem_group)
  -> cgroup_L5_96c9f7bf ok | wall 276.3s | RSS 11.6 GB
[cluster 31/305] cgroup_L5_74daf1c9 (method=rem_group)
  -> cgroup_L5_74daf1c9 ok | wall 164.2s | RSS 11.6 GB
[cluster 32/305] cgroup_L5_6b7b8076 (method=rem_group)
  -> cgroup_L5_6b7b8076 ok | wall 228.6s | RSS 11.6 GB
[cluster 33/305] cgroup_L5_63e69fdc (method=rem_group)
  -> cgroup_L5_63e69fdc ok | wall 336.0s | RSS 11.6 GB
[cluster 34/305] cgroup_L5_f29dd3b3 (method=rem_group)
  -> cgroup_L5_f29dd3b3 ok | wall 174.7s | RSS 11.6 GB
[cluster 35/305] cgroup_L5_2a225fda (method=rem_group)
  -> cgroup_L5_2a225fda ok | wall 223.7s | RSS 11.6 GB
[cluster 36/305] cgroup_L5_c669863b (method=rem_group)
[cluster 37/305] cgroup_L5_f832048f (method=rem_group)
  -> cgroup_L5_f832048f ok | wall 300.4s | RSS 11.6 GB
[cluster 38/305] cgroup_L5_a3c3e08c (method=rem_group)
  -> cgroup_L5_a3c3e08c ok | wall 117.8s | RSS 11.6 GB
[cluster 39/305] cgroup_L5_fbcdc471 (method=rem_group)
[cluster 40/305] cgroup_L5_3f0cc1fe (method=rem_group)
  -> cgroup_L5_3f0cc1fe ok | wall 339.4s | RSS 11.6 GB
[cluster 41/305] cgroup_L5_c3ae78cd (method=rem_group)
  -> cgroup_L5_c3ae78cd ok | wall 396.6s | RSS 11.6 GB
[cluster 42/305] cgroup_L5_e0c9a685 (method=rem_group)
[cluster 43/305] cgroup_L5_387b0d1a (method=rem_group)
  -> cgroup_L5_387b0d1a ok | wall 154.6s | RSS 11.6 GB
[cluster 44/305] cgroup_L5_b0066299 (method=rem_group)
  -> cgroup_L5_b0066299 ok | wall 182.8s | RSS 11.6 GB
[cluster 45/305] cgroup_L5_f2f8d3ac (method=rem_group)
[cluster 46/305] cgroup_L5_bd19fe42 (method=rem_group)
  -> cgroup_L5_bd19fe42 ok | wall 351.6s | RSS 11.6 GB
[cluster 47/305] cgroup_L5_7ba0168b (method=rem_group)
[cluster 48/305] cgroup_L5_d53bf74e (method=rem_group)
  -> cgroup_L5_d53bf74e ok | wall 261.8s | RSS 11.6 GB
[cluster 49/305] cgroup_L5_a69fcae5 (method=rem_group)
  -> cgroup_L5_a69fcae5 ok | wall 278.7s | RSS 11.6 GB
[cluster 50/305] cgroup_L5_c99ed4ee (method=rem_group)
[cluster 51/305] cgroup_L5_85083e38 (method=rem_group)
  -> cgroup_L5_85083e38 ok | wall 416.9s | RSS 11.6 GB
[cluster 52/305] cgroup_L5_be3d65c3 (method=rem_group)
[cluster 53/305] cgroup_L5_a739837c (method=rem_group)
  -> cgroup_L5_a739837c ok | wall 258.2s | RSS 11.6 GB
[cluster 54/305] cgroup_L5_b2affd22 (method=rem_group)
  -> cgroup_L5_b2affd22 ok | wall 324.6s | RSS 11.6 GB
[cluster 55/305] cgroup_L5_c4640631 (method=rem_group)
[cluster 56/305] cgroup_L5_c040a36d (method=rem_group)
  -> cgroup_L5_c040a36d ok | wall 334.0s | RSS 11.6 GB
[cluster 57/305] cgroup_L5_719ab136 (method=rem_group)
[cluster 58/305] cgroup_L5_6ee86f02 (method=rem_group)
  -> cgroup_L5_6ee86f02 ok | wall 175.5s | RSS 11.6 GB
[cluster 59/305] cgroup_L5_1bbf4b9b (method=rem_group)
  -> cgroup_L5_1bbf4b9b ok | wall 213.6s | RSS 11.6 GB
[cluster 60/305] cgroup_L5_889ec305 (method=rem_group)
  -> cgroup_L5_889ec305 ok | wall 381.7s | RSS 11.6 GB
[cluster 61/305] cgroup_L5_6c7f9e9e (method=rem_group)
[cluster 62/305] cgroup_L5_7784bb43 (method=rem_group)
  -> cgroup_L5_7784bb43 ok | wall 356.5s | RSS 11.6 GB
[cluster 63/305] cgroup_L5_17b55386 (method=rem_group)
  -> cgroup_L5_17b55386 ok | wall 327.5s | RSS 11.6 GB
[cluster 64/305] cgroup_L5_c2cce144 (method=rem_group)
[cluster 65/305] cgroup_L5_3824dc37 (method=rem_group)
  -> cgroup_L5_3824dc37 ok | wall 213.9s | RSS 11.6 GB
[cluster 66/305] cgroup_L5_964c6389 (method=rem_group)
  -> cgroup_L5_964c6389 ok | wall 421.5s | RSS 11.6 GB
[cluster 67/305] cgroup_L5_aaecff07 (method=rem_group)
[cluster 68/305] cgroup_L5_7636ff0e (method=rem_group)
[cluster 69/305] cgroup_L5_777adc83 (method=rem_group)
[cluster 70/305] cgroup_L5_79b3a442 (method=rem_group)
  -> cgroup_L5_79b3a442 ok | wall 186.7s | RSS 11.6 GB
[cluster 71/305] cgroup_L5_82f82010 (method=rem_group)
  -> cgroup_L5_82f82010 ok | wall 230.7s | RSS 11.6 GB
[cluster 72/305] cgroup_L5_fa0ee5b4 (method=rem_group)
[cluster 73/305] cgroup_L5_dd2a13de (method=rem_group)
  -> cgroup_L5_dd2a13de ok | wall 290.9s | RSS 11.6 GB
[cluster 74/305] cgroup_L5_70f8671b (method=rem_group)
[cluster 75/305] cgroup_L5_12212e41 (method=rem_group)
  -> cgroup_L5_12212e41 ok | wall 405.6s | RSS 11.6 GB
[cluster 76/305] cgroup_L5_3ec58cd6 (method=rem_group)
  -> cgroup_L5_3ec58cd6 ok | wall 320.5s | RSS 11.6 GB
[cluster 77/305] cgroup_L5_3fa847fe (method=rem_group)
  -> cgroup_L5_3fa847fe ok | wall 219.3s | RSS 11.6 GB
[cluster 78/305] cgroup_L5_37b0b276 (method=rem_group)
[cluster 79/305] cgroup_L5_3de56a79 (method=rem_group)
  -> cgroup_L5_3de56a79 ok | wall 192.2s | RSS 11.6 GB
[cluster 80/305] cgroup_L5_81c08752 (method=rem_group)
[cluster 81/305] cgroup_L5_5801e974 (method=rem_group)
[cluster 82/305] cgroup_L5_4b901bf1 (method=rem_group)
  -> cgroup_L5_4b901bf1 ok | wall 421.6s | RSS 11.6 GB
[cluster 83/305] cgroup_L5_522fa0c2 (method=rem_group)
  -> cgroup_L5_522fa0c2 ok | wall 314.4s | RSS 11.6 GB
[cluster 84/305] cgroup_L5_aecd610f (method=rem_group)
  -> cgroup_L5_aecd610f ok | wall 656.6s | RSS 11.6 GB
[cluster 85/305] cgroup_L5_844de383 (method=rem_group)
  -> cgroup_L5_844de383 ok | wall 213.5s | RSS 11.6 GB
[cluster 86/305] cgroup_L5_e7eebebd (method=rem_group)
  -> cgroup_L5_e7eebebd ok | wall 284.2s | RSS 11.6 GB
[cluster 87/305] cgroup_L5_bb8cb388 (method=rem_group)
  -> cgroup_L5_bb8cb388 ok | wall 237.1s | RSS 11.6 GB
[cluster 88/305] cgroup_L5_5a202240 (method=rem_group)
[cluster 89/305] cgroup_L5_eba39954 (method=rem_group)
  -> cgroup_L5_eba39954 ok | wall 367.7s | RSS 11.6 GB
[cluster 90/305] cgroup_L5_ea4a1823 (method=rem_group)
  -> cgroup_L5_ea4a1823 ok | wall 245.6s | RSS 11.6 GB
[cluster 91/305] cgroup_L5_dd2a1a58 (method=rem_group)
  -> cgroup_L5_dd2a1a58 ok | wall 392.5s | RSS 11.6 GB
[cluster 92/305] cgroup_L5_75110535 (method=rem_group)
[cluster 93/305] cgroup_L5_ff04c7c1 (method=rem_group)
[cluster 94/305] cgroup_L5_988d478d (method=rem_group)
  -> cgroup_L5_988d478d ok | wall 220.0s | RSS 11.6 GB
[cluster 95/305] cgroup_L5_97da8b42 (method=rem_group)
[cluster 96/305] cgroup_L5_36b956de (method=rem_group)
[cluster 97/305] cgroup_L5_344e058f (method=rem_group)
  -> cgroup_L5_344e058f ok | wall 279.5s | RSS 11.6 GB
[cluster 98/305] cgroup_L5_83f57274 (method=rem_group)
  -> cgroup_L5_83f57274 ok | wall 904.6s | RSS 11.6 GB
[cluster 99/305] cgroup_L5_729b276d (method=rem_group)
  -> cgroup_L5_729b276d ok | wall 192.5s | RSS 11.6 GB
[cluster 100/305] cgroup_L5_46a3a103 (method=rem_group)
  -> cgroup_L5_46a3a103 ok | wall 487.3s | RSS 11.6 GB
[cluster 101/305] cgroup_L5_df599af1 (method=rem_group)
  -> cgroup_L5_df599af1 ok | wall 310.0s | RSS 11.6 GB
[cluster 102/305] cgroup_L5_64c55823 (method=rem_group)
[cluster 103/305] cgroup_L5_ead098cd (method=rem_group)
[cluster 104/305] cgroup_L5_10344dfd (method=rem_group)
  -> cgroup_L5_10344dfd ok | wall 409.4s | RSS 11.6 GB
[cluster 105/305] cgroup_L5_8341bee7 (method=rem_group)
  -> cgroup_L5_8341bee7 ok | wall 275.9s | RSS 11.6 GB
[cluster 106/305] cgroup_L5_aad8ed47 (method=rem_group)
  -> cgroup_L5_aad8ed47 ok | wall 321.3s | RSS 11.6 GB
[cluster 107/305] cgroup_L5_eedd08cb (method=rem_group)
  -> cgroup_L5_eedd08cb ok | wall 186.3s | RSS 11.6 GB
[cluster 108/305] cgroup_L5_a90d3d64 (method=rem_group)
[cluster 109/305] cgroup_L5_27f3255f (method=rem_group)
[cluster 110/305] cgroup_L5_64adcd6b (method=rem_group)
[cluster 111/305] cgroup_L5_523e64b9 (method=rem_group)
  -> cgroup_L5_523e64b9 ok | wall 330.7s | RSS 11.6 GB
[cluster 112/305] cgroup_L5_12228932 (method=rem_group)
  -> cgroup_L5_12228932 ok | wall 419.9s | RSS 11.6 GB
[cluster 113/305] cgroup_L5_1c583f9b (method=rem_group)
[cluster 114/305] cgroup_L5_45ca22b1 (method=rem_group)
[cluster 115/305] cgroup_L5_b9921e6e (method=rem_group)
[cluster 116/305] cgroup_L5_59d2b212 (method=rem_group)
[cluster 117/305] cgroup_L5_680b6b9c (method=rem_group)
[cluster 118/305] cgroup_L5_3d8c29f4 (method=rem_group)
  -> cgroup_L5_3d8c29f4 ok | wall 304.4s | RSS 11.6 GB
[cluster 119/305] cgroup_L5_c548d053 (method=rem_group)
  -> cgroup_L5_c548d053 ok | wall 1327.3s | RSS 11.6 GB
[cluster 120/305] cgroup_L5_4290da61 (method=rem_group)
[cluster 121/305] cgroup_L5_1d96b9da (method=rem_group)
  -> cgroup_L5_1d96b9da ok | wall 604.7s | RSS 11.6 GB
[cluster 122/305] cgroup_L5_7cc951b5 (method=rem_group)
[cluster 123/305] cgroup_L5_debadb13 (method=rem_group)
  -> cgroup_L5_debadb13 ok | wall 359.8s | RSS 11.6 GB
[cluster 124/305] cgroup_L5_03544ab6 (method=rem_group)
[cluster 125/305] cgroup_L5_444e7fc2 (method=rem_group)
  -> cgroup_L5_444e7fc2 ok | wall 479.8s | RSS 11.6 GB
[cluster 126/305] cgroup_L5_a7509255 (method=rem_group)
  -> cgroup_L5_a7509255 ok | wall 269.8s | RSS 11.6 GB
[cluster 127/305] cgroup_L5_034592d9 (method=rem_group)
  -> cgroup_L5_034592d9 ok | wall 234.9s | RSS 11.6 GB
[cluster 128/305] cgroup_L5_840b7e36 (method=rem_group)
  -> cgroup_L5_840b7e36 ok | wall 308.8s | RSS 11.6 GB
[cluster 129/305] cgroup_L5_7805eee6 (method=rem_group)
  -> cgroup_L5_7805eee6 ok | wall 587.6s | RSS 11.6 GB
[cluster 130/305] cgroup_L5_871ae09e (method=rem_group)
  -> cgroup_L5_871ae09e ok | wall 1763.3s | RSS 11.6 GB
[cluster 131/305] cgroup_L5_ee94648c (method=rem_group)
  -> cgroup_L5_ee94648c ok | wall 372.2s | RSS 11.6 GB
[cluster 132/305] cgroup_L5_8c9339f5 (method=rem_group)
  -> cgroup_L5_8c9339f5 ok | wall 554.2s | RSS 11.6 GB
[cluster 133/305] cgroup_L5_44420e6e (method=rem_group)
[cluster 134/305] cgroup_L5_b9c77320 (method=rem_group)
  -> cgroup_L5_b9c77320 ok | wall 409.9s | RSS 11.6 GB
[cluster 135/305] cgroup_L5_79a73ac5 (method=rem_group)
  -> cgroup_L5_79a73ac5 ok | wall 459.4s | RSS 11.6 GB
[cluster 136/305] cgroup_L5_64fbeb97 (method=rem_group)
[cluster 137/305] cgroup_L5_0dd60753 (method=rem_group)
[cluster 138/305] cgroup_L5_479c6221 (method=rem_group)
  -> cgroup_L5_479c6221 ok | wall 441.1s | RSS 11.6 GB
[cluster 139/305] cgroup_L5_b3bbf8e4 (method=rem_group)
[cluster 140/305] cgroup_L5_61352c9e (method=rem_group)
[cluster 141/305] cgroup_L5_dc7451b1 (method=rem_group)
  -> cgroup_L5_dc7451b1 ok | wall 466.1s | RSS 11.6 GB
[cluster 142/305] cgroup_L5_edc8e828 (method=rem_group)
[cluster 143/305] cgroup_L5_83b1f88c (method=rem_group)
  -> cgroup_L5_83b1f88c ok | wall 486.3s | RSS 11.6 GB
[cluster 144/305] cgroup_L5_8e775709 (method=rem_group)
[cluster 145/305] cgroup_L5_86417b40 (method=rem_group)
[cluster 146/305] cgroup_L5_b45f7252 (method=rem_group)
[cluster 147/305] cgroup_L5_b9e7806c (method=rem_group)
  -> cgroup_L5_b9e7806c ok | wall 392.1s | RSS 11.6 GB
[cluster 148/305] cgroup_L5_3370a794 (method=rem_group)
  -> cgroup_L5_3370a794 ok | wall 363.7s | RSS 11.6 GB
[cluster 149/305] cgroup_L5_e17c136b (method=rem_group)
  -> cgroup_L5_e17c136b ok | wall 253.2s | RSS 11.6 GB
[cluster 150/305] cgroup_L5_ff78d2a8 (method=rem_group)
  -> cgroup_L5_ff78d2a8 ok | wall 328.0s | RSS 11.6 GB
[cluster 151/305] cgroup_L5_8be26844 (method=rem_group)
[cluster 152/305] cgroup_L5_3a58e5f5 (method=rem_group)
  -> cgroup_L5_3a58e5f5 ok | wall 266.4s | RSS 11.6 GB
[cluster 153/305] cgroup_L5_d28620cd (method=rem_group)
  -> cgroup_L5_d28620cd ok | wall 268.4s | RSS 11.6 GB
[cluster 154/305] cgroup_L5_469db990 (method=rem_group)
  -> cgroup_L5_469db990 ok | wall 345.4s | RSS 11.6 GB
[cluster 155/305] cgroup_L5_d800c4f2 (method=rem_group)
[cluster 156/305] cgroup_L5_dde29fb4 (method=rem_group)
  -> cgroup_L5_dde29fb4 ok | wall 509.2s | RSS 11.6 GB
[cluster 157/305] cgroup_L5_f94b6180 (method=rem_group)
  -> cgroup_L5_f94b6180 ok | wall 1366.0s | RSS 11.6 GB
[cluster 158/305] cgroup_L5_47e67cab (method=rem_group)
[cluster 159/305] cgroup_L5_34376df0 (method=rem_group)
[cluster 160/305] cgroup_L5_37942548 (method=rem_group)
  -> cgroup_L5_37942548 ok | wall 492.4s | RSS 11.6 GB
[cluster 161/305] cgroup_L5_f01e9f74 (method=rem_group)
[cluster 162/305] cgroup_L5_862cd9b9 (method=rem_group)
  -> cgroup_L5_862cd9b9 ok | wall 439.3s | RSS 11.6 GB
[cluster 163/305] cgroup_L5_ef9b09df (method=rem_group)
[cluster 164/305] cgroup_L5_930c8dcf (method=rem_group)
  -> cgroup_L5_930c8dcf ok | wall 1140.0s | RSS 11.6 GB
[cluster 165/305] cgroup_L5_004d293d (method=rem_group)
  -> cgroup_L5_004d293d ok | wall 430.8s | RSS 11.6 GB
[cluster 166/305] cgroup_L5_a12414d4 (method=rem_group)
  -> cgroup_L5_a12414d4 ok | wall 715.3s | RSS 11.6 GB
[cluster 167/305] cgroup_L5_0b985869 (method=rem_group)
[cluster 168/305] cgroup_L5_5d1a5c5f (method=rem_group)
[cluster 169/305] cgroup_L5_a8015c98 (method=rem_group)
  -> cgroup_L5_a8015c98 ok | wall 307.2s | RSS 11.6 GB
[cluster 170/305] cgroup_L5_92f4f307 (method=rem_group)
  -> cgroup_L5_92f4f307 ok | wall 469.5s | RSS 11.6 GB
[cluster 171/305] cgroup_L5_5756018b (method=rem_group)
[cluster 172/305] cgroup_L5_49e290ae (method=rem_group)
  -> cgroup_L5_49e290ae ok | wall 444.8s | RSS 11.6 GB
[cluster 173/305] cgroup_L5_089ccae5 (method=rem_group)
  -> cgroup_L5_089ccae5 ok | wall 557.6s | RSS 11.6 GB
[cluster 174/305] cgroup_L5_759892f5 (method=rem_group)
[cluster 175/305] cgroup_L5_c5c72bba (method=rem_group)
[cluster 176/305] cgroup_L5_b967c97c (method=rem_group)
[cluster 177/305] cgroup_L5_93068469 (method=rem_group)
  -> cgroup_L5_93068469 ok | wall 311.5s | RSS 11.6 GB
[cluster 178/305] cgroup_L5_b5db4aff (method=rem_group)
  -> cgroup_L5_b5db4aff ok | wall 514.3s | RSS 11.6 GB
[cluster 179/305] cgroup_L5_9f0ea111 (method=rem_group)
  -> cgroup_L5_9f0ea111 ok | wall 432.8s | RSS 11.6 GB
[cluster 180/305] cgroup_L5_721184e6 (method=rem_group)
  -> cgroup_L5_721184e6 ok | wall 853.0s | RSS 11.6 GB
[cluster 181/305] cgroup_L5_aa8c1d6d (method=rem_group)
  -> cgroup_L5_aa8c1d6d ok | wall 476.9s | RSS 11.6 GB
[cluster 182/305] cgroup_L5_f44b01e2 (method=rem_group)
[cluster 183/305] cgroup_L5_417c69a3 (method=rem_group)
[cluster 184/305] cgroup_L5_7934174c (method=rem_group)
  -> cgroup_L5_7934174c ok | wall 736.8s | RSS 11.6 GB
[cluster 185/305] cgroup_L5_3a625868 (method=rem_group)
  -> cgroup_L5_3a625868 ok | wall 302.1s | RSS 11.6 GB
[cluster 186/305] cgroup_L5_2618c026 (method=rem_group)
[cluster 187/305] cgroup_L5_a3f0c959 (method=rem_group)
  -> cgroup_L5_a3f0c959 ok | wall 505.1s | RSS 11.6 GB
[cluster 188/305] cgroup_L5_8b65b3ff (method=rem_group)
[cluster 189/305] cgroup_L5_fde7b89b (method=rem_group)
[cluster 190/305] cgroup_L5_d7abf612 (method=rem_group)
  -> cgroup_L5_d7abf612 ok | wall 426.4s | RSS 11.6 GB
[cluster 191/305] cgroup_L5_57810d6c (method=rem_group)
[cluster 192/305] cgroup_L5_f956ef98 (method=rem_group)
  -> cgroup_L5_f956ef98 ok | wall 481.6s | RSS 11.6 GB
[cluster 193/305] cgroup_L5_2248a891 (method=rem_group)
  -> cgroup_L5_2248a891 ok | wall 434.0s | RSS 11.6 GB
[cluster 194/305] cgroup_L5_a48d6990 (method=rem_group)
[cluster 195/305] cgroup_L5_8a54ddd6 (method=rem_group)
  -> cgroup_L5_8a54ddd6 ok | wall 925.6s | RSS 11.6 GB
[cluster 196/305] cgroup_L5_3d3658ad (method=rem_group)
[cluster 197/305] cgroup_L5_516200d1 (method=rem_group)
  -> cgroup_L5_516200d1 ok | wall 430.6s | RSS 11.6 GB
[cluster 198/305] cgroup_L5_d411c435 (method=rem_group)
  -> cgroup_L5_d411c435 ok | wall 471.2s | RSS 11.6 GB
[cluster 199/305] cgroup_L5_c054e202 (method=rem_group)
  -> cgroup_L5_c054e202 ok | wall 497.8s | RSS 11.6 GB
[cluster 200/305] cgroup_L5_eb5e1e65 (method=rem_group)
  -> cgroup_L5_eb5e1e65 ok | wall 1020.7s | RSS 11.6 GB
[cluster 201/305] cgroup_L5_81b706c4 (method=rem_group)
  -> cgroup_L5_81b706c4 ok | wall 532.5s | RSS 11.6 GB
[cluster 202/305] cgroup_L5_79ce3bd1 (method=rem_group)
  -> cgroup_L5_79ce3bd1 ok | wall 532.7s | RSS 11.6 GB
[cluster 203/305] cgroup_L5_0e66597e (method=rem_group)
  -> cgroup_L5_0e66597e ok | wall 1035.3s | RSS 11.6 GB
[cluster 204/305] cgroup_L5_d8006c5b (method=rem_group)
  -> cgroup_L5_d8006c5b ok | wall 456.1s | RSS 11.6 GB
[cluster 205/305] cgroup_L5_26c302f6 (method=rem_group)
[cluster 206/305] cgroup_L5_7b545f77 (method=rem_group)
[cluster 207/305] cgroup_L5_021e875e (method=rem_group)
  -> cgroup_L5_021e875e ok | wall 1059.7s | RSS 11.6 GB
[cluster 208/305] cgroup_L5_a32e5eaa (method=rem_group)
  -> cgroup_L5_a32e5eaa ok | wall 1089.5s | RSS 11.6 GB
[cluster 209/305] cgroup_L5_99d7941a (method=rem_group)
  -> cgroup_L5_99d7941a ok | wall 675.8s | RSS 11.6 GB
[cluster 210/305] cgroup_L5_a8ff7b6d (method=rem_group)
  -> cgroup_L5_a8ff7b6d ok | wall 542.3s | RSS 11.6 GB
[cluster 211/305] cgroup_L5_b837242a (method=rem_group)
[cluster 212/305] cgroup_L5_1c7b64af (method=rem_group)
[cluster 213/305] cgroup_L5_8078374b (method=rem_group)
[cluster 214/305] cgroup_L5_31308596 (method=rem_group)
  -> cgroup_L5_31308596 ok | wall 518.9s | RSS 11.6 GB
[cluster 215/305] cgroup_L5_4be9e90d (method=rem_group)
  -> cgroup_L5_4be9e90d ok | wall 434.9s | RSS 11.6 GB
[cluster 216/305] cgroup_L5_d7ad915e (method=rem_group)
  -> cgroup_L5_d7ad915e ok | wall 781.7s | RSS 11.6 GB
[cluster 217/305] cgroup_L5_62404e11 (method=rem_group)
[cluster 218/305] cgroup_L5_dcce160a (method=rem_group)
  -> cgroup_L5_dcce160a ok | wall 398.2s | RSS 11.6 GB
[cluster 219/305] cgroup_L5_ebd83cd1 (method=rem_group)
[cluster 220/305] cgroup_L5_5b9a08fb (method=rem_group)
  -> cgroup_L5_5b9a08fb ok | wall 363.9s | RSS 11.6 GB
[cluster 221/305] cgroup_L5_a6fd82fa (method=rem_group)
  -> cgroup_L5_a6fd82fa ok | wall 383.2s | RSS 11.6 GB
[cluster 222/305] cgroup_L5_03d0ca7b (method=rem_group)
  -> cgroup_L5_03d0ca7b ok | wall 564.4s | RSS 11.6 GB
[cluster 223/305] cgroup_L5_535d97f6 (method=rem_group)
  -> cgroup_L5_535d97f6 ok | wall 794.0s | RSS 11.6 GB
[cluster 224/305] cgroup_L5_356eedd3 (method=rem_group)
  -> cgroup_L5_356eedd3 ok | wall 358.3s | RSS 11.6 GB
[cluster 225/305] cgroup_L5_29cb04f8 (method=rem_group)
  -> cgroup_L5_29cb04f8 ok | wall 698.8s | RSS 11.6 GB
[cluster 226/305] cgroup_L5_8958b27a (method=rem_group)
  -> cgroup_L5_8958b27a ok | wall 388.2s | RSS 11.6 GB
[cluster 227/305] cgroup_L5_cf34c533 (method=rem_group)
  -> cgroup_L5_cf34c533 ok | wall 366.2s | RSS 11.6 GB
[cluster 228/305] cgroup_L5_ae969461 (method=rem_group)
  -> cgroup_L5_ae969461 ok | wall 358.0s | RSS 11.6 GB
[cluster 229/305] cgroup_L5_24ae0579 (method=rem_group)
  -> cgroup_L5_24ae0579 ok | wall 610.4s | RSS 11.6 GB
[cluster 230/305] cgroup_L5_f34ff8df (method=rem_group)
  -> cgroup_L5_f34ff8df ok | wall 495.8s | RSS 11.6 GB
[cluster 231/305] cgroup_L5_e294a3bc (method=rem_group)
  -> cgroup_L5_e294a3bc ok | wall 541.4s | RSS 11.6 GB
[cluster 232/305] cgroup_L5_efced505 (method=rem_group)
  -> cgroup_L5_efced505 ok | wall 837.6s | RSS 11.6 GB
[cluster 233/305] cgroup_L5_4753688f (method=rem_group)
  -> cgroup_L5_4753688f ok | wall 876.2s | RSS 11.6 GB
[cluster 234/305] cgroup_L5_3eaa92c9 (method=rem_group)
  -> cgroup_L5_3eaa92c9 ok | wall 769.3s | RSS 11.6 GB
[cluster 235/305] cgroup_L5_f640365a (method=rem_group)
  -> cgroup_L5_f640365a ok | wall 531.8s | RSS 11.6 GB
[cluster 236/305] cgroup_L5_451ecb56 (method=rem_group)
[cluster 237/305] cgroup_L5_af2c15aa (method=rem_group)
[cluster 238/305] cgroup_L5_6ac5ea3a (method=rem_group)
[cluster 239/305] cgroup_L5_3b461817 (method=rem_group)
  -> cgroup_L5_3b461817 ok | wall 501.5s | RSS 11.6 GB
[cluster 240/305] cgroup_L5_6df6a50e (method=rem_group)
  -> cgroup_L5_6df6a50e ok | wall 1269.4s | RSS 11.6 GB
[cluster 241/305] cgroup_L5_8f29463d (method=rem_group)
[cluster 242/305] cgroup_L5_41f7b088 (method=rem_group)
  -> cgroup_L5_41f7b088 ok | wall 800.8s | RSS 11.6 GB
[cluster 243/305] cgroup_L5_af782291 (method=rem_group)
[cluster 244/305] cgroup_L5_35d1be10 (method=rem_group)
  -> cgroup_L5_35d1be10 ok | wall 884.3s | RSS 11.6 GB
[cluster 245/305] cgroup_L5_80a3028a (method=rem_group)
[cluster 246/305] cgroup_L5_06ff1592 (method=rem_group)
[cluster 247/305] cgroup_L5_03b38818 (method=rem_group)
  -> cgroup_L5_03b38818 ok | wall 898.8s | RSS 11.6 GB
[cluster 248/305] cgroup_L5_60d9a5bf (method=rem_group)
[cluster 249/305] cgroup_L5_cbc935db (method=rem_group)
[cluster 250/305] cgroup_L5_8ac307e0 (method=rem_group)
  -> cgroup_L5_8ac307e0 ok | wall 638.7s | RSS 11.6 GB
[cluster 251/305] cgroup_L5_3439da02 (method=rem_group)
  -> cgroup_L5_3439da02 ok | wall 669.4s | RSS 11.6 GB
[cluster 252/305] cgroup_L5_d2c64672 (method=rem_group)
  -> cgroup_L5_d2c64672 ok | wall 448.9s | RSS 11.6 GB
[cluster 253/305] cgroup_L5_b80b0368 (method=rem_group)
[cluster 254/305] cgroup_L5_2ec87595 (method=rem_group)
  -> cgroup_L5_2ec87595 ok | wall 799.8s | RSS 11.6 GB
[cluster 255/305] cgroup_L5_c0d1d837 (method=rem_group)
  -> cgroup_L5_c0d1d837 ok | wall 1322.0s | RSS 11.6 GB
[cluster 256/305] cgroup_L5_05322ba1 (method=rem_group)
  -> cgroup_L5_05322ba1 ok | wall 809.2s | RSS 11.6 GB
[cluster 257/305] cgroup_L5_ae11259e (method=rem_group)
  -> cgroup_L5_ae11259e ok | wall 455.4s | RSS 11.6 GB
[cluster 258/305] cgroup_L5_5d97d5b1 (method=rem_group)
  -> cgroup_L5_5d97d5b1 ok | wall 655.5s | RSS 11.6 GB
[cluster 259/305] cgroup_L5_c5e86fe9 (method=rem_group)
  -> cgroup_L5_c5e86fe9 ok | wall 648.3s | RSS 11.6 GB
[cluster 260/305] cgroup_L5_83135c89 (method=rem_group)
[cluster 261/305] cgroup_L5_548236b5 (method=rem_group)
[cluster 262/305] cgroup_L5_b71a25a2 (method=rem_group)
  -> cgroup_L5_b71a25a2 ok | wall 1744.8s | RSS 11.6 GB
[cluster 263/305] cgroup_L5_5927750b (method=rem_group)
  -> cgroup_L5_5927750b ok | wall 803.9s | RSS 11.6 GB
[cluster 264/305] cgroup_L5_8eca612e (method=rem_group)
  -> cgroup_L5_8eca612e ok | wall 636.0s | RSS 11.6 GB
[cluster 265/305] cgroup_L5_16525349 (method=rem_group)
  -> cgroup_L5_16525349 ok | wall 792.0s | RSS 11.6 GB
[cluster 266/305] cgroup_L5_fd0c6a79 (method=rem_group)
  -> cgroup_L5_fd0c6a79 ok | wall 821.2s | RSS 11.6 GB
[cluster 267/305] cgroup_L5_3a0a595f (method=rem_group)
  -> cgroup_L5_3a0a595f ok | wall 1292.4s | RSS 11.6 GB
[cluster 268/305] cgroup_L5_9bdf0dcb (method=rem_group)
  -> cgroup_L5_9bdf0dcb ok | wall 611.7s | RSS 11.6 GB
[cluster 269/305] cgroup_L5_b8bc334a (method=rem_group)
[cluster 270/305] cgroup_L5_702a5dea (method=rem_group)
  -> cgroup_L5_702a5dea ok | wall 862.7s | RSS 11.6 GB
[cluster 271/305] cgroup_L5_a3112513 (method=rem_group)
[cluster 272/305] cgroup_L5_00fd9348 (method=rem_group)
  -> cgroup_L5_00fd9348 ok | wall 428.6s | RSS 11.6 GB
[cluster 273/305] cgroup_L5_455fe91d (method=rem_group)
  -> cgroup_L5_455fe91d ok | wall 584.5s | RSS 11.6 GB
[cluster 274/305] cgroup_L5_a8d88150 (method=rem_group)
  -> cgroup_L5_a8d88150 ok | wall 487.5s | RSS 11.6 GB
[cluster 275/305] cgroup_L5_a4029927 (method=rem_group)
  -> cgroup_L5_a4029927 ok | wall 766.1s | RSS 11.6 GB
[cluster 276/305] cgroup_L5_57ea5503 (method=rem_group)
[cluster 277/305] cgroup_L5_f97e665a (method=rem_group)
[cluster 278/305] cgroup_L5_9f34eb99 (method=rem_group)
[cluster 279/305] cgroup_L5_b6b8bc00 (method=rem_group)
  -> cgroup_L5_b6b8bc00 ok | wall 1029.8s | RSS 11.6 GB
[cluster 280/305] cgroup_L5_7cda77c1 (method=rem_group)
[cluster 281/305] cgroup_L5_0a71325c (method=rem_group)
[cluster 282/305] cgroup_L5_87135459 (method=rem_group)
[cluster 283/305] cgroup_L5_3437775a (method=rem_group)
[cluster 284/305] cgroup_L5_9f293ec3 (method=rem_group)
[cluster 285/305] cgroup_L5_f2139c4f (method=rem_group)
  -> cgroup_L5_f2139c4f ok | wall 597.1s | RSS 11.6 GB
[cluster 286/305] cgroup_L5_4041e3af (method=rem_group)
  -> cgroup_L5_4041e3af ok | wall 823.0s | RSS 11.6 GB
[cluster 287/305] cgroup_L5_766cd3c6 (method=rem_group)
[cluster 288/305] cgroup_L5_1e8a735e (method=rem_group)
  -> cgroup_L5_1e8a735e ok | wall 628.5s | RSS 11.6 GB
[cluster 289/305] cgroup_L5_5e0c0fae (method=rem_group)
  -> cgroup_L5_5e0c0fae ok | wall 704.9s | RSS 11.6 GB
[cluster 290/305] cgroup_L5_b2645a34 (method=rem_group)
[cluster 291/305] cgroup_L5_f56d966d (method=rem_group)
  -> cgroup_L5_f56d966d ok | wall 443.0s | RSS 11.6 GB
[cluster 292/305] cgroup_L5_0a4e5f58 (method=rem_group)
[cluster 293/305] cgroup_L5_28bee975 (method=rem_group)
  -> cgroup_L5_28bee975 ok | wall 607.2s | RSS 11.6 GB
[cluster 294/305] cgroup_L5_e16bfa7f (method=rem_group)
  -> cgroup_L5_e16bfa7f ok | wall 660.1s | RSS 11.6 GB
[cluster 295/305] cgroup_L5_b1c1f147 (method=rem_group)
[cluster 296/305] cgroup_L5_2e16719f (method=rem_group)
  -> cgroup_L5_2e16719f ok | wall 3534.3s | RSS 13.0 GB
[cluster 297/305] cgroup_L5_17b35bdc (method=rem_group)
  -> cgroup_L5_17b35bdc ok | wall 726.6s | RSS 13.0 GB
[cluster 298/305] cgroup_L5_2f86628a (method=rem_group)
[cluster 299/305] cgroup_L5_3e8ba26a (method=rem_group)
[cluster 300/305] cgroup_L5_f9cc41b3 (method=rem_group)
  -> cgroup_L5_f9cc41b3 ok | wall 624.3s | RSS 13.0 GB
[cluster 301/305] cgroup_L5_1d4f4a13 (method=rem_group)
[cluster 302/305] cgroup_L5_5929f298 (method=rem_group)
  -> cgroup_L5_5929f298 ok | wall 669.0s | RSS 13.0 GB
[cluster 303/305] cgroup_L5_e0fdea29 (method=rem_group)
[cluster 304/305] cgroup_L5_4d535f25 (method=rem_group)
  -> cgroup_L5_4d535f25 ok | wall 394.2s | RSS 13.0 GB
[cluster 305/305] cgroup_L5_63180d66 (method=rem_group)
There were 50 or more warnings (use warnings() to see the first 50)
✔ Build complete in 1696.9 min — run_id ac125296
ℹ Writing to '/mnt/wwn-0x5000039d58caca35/simulomicsr-stage4-v13/20260729T210013Z-stage4-v13-ac125296'...
ℹ Rendering dashboard...
! Dashboard render FALLITO (non-fatale): ! Error running quarto CLI from R. Caused by error in `quarto::quarto_render()` at simulomicsr/R/stage4-dashboard.R:51:3: ✖ Error returned by quarto CLI. ℹ Rerun with `quiet = FALSE` to see the full error message. Caused by error in `processx::run()`: ! System command 'quarto' failed

── Layer A summary ──

Cluster processed: 191
Cluster non-processable: 114
Per-study DE rows: 32391956
Cluster pooled rows: 3178307
Significant (FDR<0.05): 315037
Methods: rem_group
di cui rem_group: 3178307
Run id: ac125296
Wall total: 1696.9 min
Output dir:
/mnt/wwn-0x5000039d58caca35/simulomicsr-stage4-v13/20260729T210013Z-stage4-v13-ac125296
✔ Layer A re-pool v13 OK
