- The project is out-of-sync -- use `renv::status()` for details.
Warning message:
replacing previous import ‘S4Arrays::makeNindexFromArrayViewport’ by ‘DelayedArray::makeNindexFromArrayViewport’ when loading ‘SummarizedExperiment’ 
record cgroup: 28294 in 11853 cluster
carico Stadio 2...
           used  (Mb) gc trigger   (Mb) max used   (Mb)
Ncells 15718855 839.5   37175284 1985.4 23563097 1258.5
Vcells 46420127 354.2   99702310  760.7 99702286  760.7
ricalcolo il verdetto su 28294 record...
   2000 / 28294 ( 0.7 min )
   4000 / 28294 ( 1.4 min )
   6000 / 28294 ( 2.1 min )
   8000 / 28294 ( 2.8 min )
   10000 / 28294 ( 3.4 min )
   12000 / 28294 ( 4.1 min )
   14000 / 28294 ( 4.7 min )
   16000 / 28294 ( 5.4 min )
   18000 / 28294 ( 6.1 min )
   20000 / 28294 ( 6.7 min )
   22000 / 28294 ( 7.5 min )
   24000 / 28294 ( 8.2 min )
   26000 / 28294 ( 8.9 min )
   28000 / 28294 ( 9.5 min )
scritto analysis/audit/2026-07-28-censimento-v12/impatto-dopo.rds - 28294 righe
scartati: 567 | tenuti: 27727 

               str_generico               nome_ombrello 
                        310                         104 
             induttore_nome          candidato_ombrello 
                         61                          28 
                   no_delta       riga_soggetto_diverso 
                         27                          24 
            entita_costante riga_combinazione_non_vista 
                          7                           3 
                  induttore                id_blacklist 
                          2                           1 
                       <NA>                        <NA> 
                                                        
