
NOTE: Dependency discovery took 10 seconds during snapshot.
Consider using .renvignore to ignore files, or switching to explicit snapshots.
See `?renv::dependencies` for more information.

- /home/user/simulomicsr/man: 409 files

- The project is out-of-sync -- use `renv::status()` for details.
ℹ Loading simulomicsr
Warning message:
replacing previous import ‘S4Arrays::makeNindexFromArrayViewport’ by ‘DelayedArray::makeNindexFromArrayViewport’ when loading ‘SummarizedExperiment’ 

── Stadio 4 Layer A re-pool v16 (Stadio 3 v16, solo ramo rem_group) ────────────
ℹ PEZZO 11 di 16
ℹ Stadio 3: 'analysis/p4-output/20260818T110906Z-stage3-v16-7f986159'
ℹ Stadio 2 master: 'analysis/p4-output/A3-stage2-master-innestato.jsonl'
✔ Master Stadio 2 coincide con quello dello Stadio 3 (sha256 b9947746ab19...)
ℹ Loading stage3 + stage2_master...
✔ Loaded: 325059 clusters / 571680 assignments / 24394 stage2 studies (wall 12.8 sec)
ℹ Stadio 3 clusters.rds sha256: 43f3c6fe569d8a628074e3df0d6df412926ebfbf9c915a5e8fdfaafa8826d750 (wall 0.108 sec)
ℹ Pre-filter stage2_master vs ARCHS4 H5 sample axis...
ℹ H5 sample axis: 888821 sample
✔ Pre-filter done in 9.9 sec: 13/489998 sample droppati ("0.003%") — non in ARCHS4 H5 v2.5
           used   (Mb) gc trigger   (Mb) max used   (Mb)
Ncells 24874572 1328.5   43990535 2349.4 43990535 2349.4
Vcells 66708132  509.0  117103482  893.5 81137989  619.1
ℹ deliverable_methods: rem_group
ℹ Layer A: 316 clusters (rem=0, mega=0, mega_aug=0, rem_group=316)
✔ GATE: 316 cluster, tutti rem_group / cgroup_L5_
ℹ MEGA-AUG baseline cluster matchati: 0
ℹ Assignments rilevanti: 5500
ℹ Sample IDs totali Layer A: 24241
✔ h5_metadata: 24241 sample, 5 campi per le corsie

── build_stage4_results ──

ℹ dream_workers resolved: 32
ℹ pezzo 11/16: 20 cluster su 316
pezzo: 20 cluster su 316 ammessi
fusioni: record di 6 cluster assorbiti spostati sul vincente
corsie: 74 campioni in 25 librerie da piu' corsie (5 candidate scartate dalle guardie)
[cluster 1/20] cgroup_L5_2987cdb6 (method=rem_group)
  -> cgroup_L5_2987cdb6 ok | wall 263.1s | RSS 5.0 GB
[cluster 2/20] cgroup_L5_8b65b3ff (method=rem_group)
[cluster 3/20] cgroup_L5_2248a891 (method=rem_group)
  -> cgroup_L5_2248a891 ok | wall 166.0s | RSS 5.0 GB
[cluster 4/20] cgroup_L5_523e64b9 (method=rem_group)
[cluster 5/20] cgroup_L5_368be439 (method=rem_group)
[cluster 6/20] cgroup_L5_b6b8bc00 (method=rem_group)
  -> cgroup_L5_b6b8bc00 ok | wall 288.9s | RSS 5.0 GB
[cluster 7/20] cgroup_L5_548236b5 (method=rem_group)
[cluster 8/20] cgroup_L5_87135459 (method=rem_group)
[cluster 9/20] cgroup_L5_0a4e5f58 (method=rem_group)
[cluster 10/20] cgroup_L5_fbcdc471 (method=rem_group)
[cluster 11/20] cgroup_L5_e0c9a685 (method=rem_group)
[cluster 12/20] cgroup_L5_c4640631 (method=rem_group)
[cluster 13/20] cgroup_L5_988d478d (method=rem_group)
  -> cgroup_L5_988d478d ok | wall 266.0s | RSS 5.0 GB
[cluster 14/20] cgroup_L5_4def5638 (method=rem_group)
[cluster 15/20] cgroup_L5_fa0ee5b4 (method=rem_group)
[cluster 16/20] cgroup_L5_12212e41 (method=rem_group)
  -> cgroup_L5_12212e41 ok | wall 300.3s | RSS 5.0 GB
[cluster 17/20] cgroup_L5_3824dc37 (method=rem_group)
  -> cgroup_L5_3824dc37 ok | wall 251.2s | RSS 5.0 GB
[cluster 18/20] cgroup_L5_6e9f3913 (method=rem_group)
[cluster 19/20] cgroup_L5_af8f3547 (method=rem_group)
[cluster 20/20] cgroup_L5_aecd610f (method=rem_group)
  -> cgroup_L5_aecd610f ok | wall 416.5s | RSS 5.0 GB
There were 50 or more warnings (use warnings() to see the first 50)
✔ Build complete in 46.6 min — run_id 3e31e59d
✔ PEZZO 11/16 scritto: '/mnt/wwn-0x5000039d58caca35/simulomicsr-stage4-A3/pezzi/pezzo-11-di-16.rds' | pooled 126490 righe | 46.6 min
