- The project is out-of-sync -- use `renv::status()` for details.
ℹ Loading simulomicsr
Warning message:
replacing previous import ‘S4Arrays::makeNindexFromArrayViewport’ by ‘DelayedArray::makeNindexFromArrayViewport’ when loading ‘SummarizedExperiment’ 

── Stadio 4 Layer A re-pool v16 (Stadio 3 v16, solo ramo rem_group) ────────────
ℹ PEZZO 7 di 16
ℹ Stadio 3: 'analysis/p4-output/20260818T110906Z-stage3-v16-7f986159'
ℹ Stadio 2 master: 'analysis/p4-output/A3-stage2-master-innestato.jsonl'
✔ Master Stadio 2 coincide con quello dello Stadio 3 (sha256 b9947746ab19...)
ℹ Loading stage3 + stage2_master...
✔ Loaded: 325059 clusters / 571680 assignments / 24394 stage2 studies (wall 11.7 sec)
ℹ Stadio 3 clusters.rds sha256: 43f3c6fe569d8a628074e3df0d6df412926ebfbf9c915a5e8fdfaafa8826d750 (wall 0.103 sec)
ℹ Pre-filter stage2_master vs ARCHS4 H5 sample axis...
ℹ H5 sample axis: 888821 sample
✔ Pre-filter done in 9 sec: 13/489998 sample droppati ("0.003%") — non in ARCHS4 H5 v2.5
           used   (Mb) gc trigger   (Mb) max used   (Mb)
Ncells 24874264 1328.5   43990192 2349.4 43990192 2349.4
Vcells 66707405  509.0  117101972  893.5 81137262  619.1
ℹ deliverable_methods: rem_group
ℹ Layer A: 316 clusters (rem=0, mega=0, mega_aug=0, rem_group=316)
✔ GATE: 316 cluster, tutti rem_group / cgroup_L5_
ℹ MEGA-AUG baseline cluster matchati: 0
ℹ Assignments rilevanti: 5500
ℹ Sample IDs totali Layer A: 24241
✔ h5_metadata: 24241 sample, 5 campi per le corsie

── build_stage4_results ──

ℹ dream_workers resolved: 32
ℹ pezzo 7/16: 20 cluster su 316
pezzo: 20 cluster su 316 ammessi
fusioni: record di 6 cluster assorbiti spostati sul vincente
corsie: 74 campioni in 25 librerie da piu' corsie (5 candidate scartate dalle guardie)
[cluster 1/20] cgroup_L5_a12414d4 (method=rem_group)
  -> cgroup_L5_a12414d4 ok | wall 293.8s | RSS 4.4 GB
[cluster 2/20] cgroup_L5_2618c026 (method=rem_group)
[cluster 3/20] cgroup_L5_0dd60753 (method=rem_group)
  -> cgroup_L5_0dd60753 ok | wall 166.3s | RSS 4.4 GB
[cluster 4/20] cgroup_L5_81b706c4 (method=rem_group)
  -> cgroup_L5_81b706c4 ok | wall 277.7s | RSS 4.4 GB
[cluster 5/20] cgroup_L5_e294a3bc (method=rem_group)
  -> cgroup_L5_e294a3bc ok | wall 134.5s | RSS 4.4 GB
[cluster 6/20] cgroup_L5_83b1f88c (method=rem_group)
  -> cgroup_L5_83b1f88c ok | wall 236.4s | RSS 4.4 GB
[cluster 7/20] cgroup_L5_fd0c6a79 (method=rem_group)
  -> cgroup_L5_fd0c6a79 ok | wall 150.0s | RSS 4.4 GB
[cluster 8/20] cgroup_L5_af2c15aa (method=rem_group)
[cluster 9/20] cgroup_L5_aad8ed47 (method=rem_group)
  -> cgroup_L5_aad8ed47 ok | wall 189.0s | RSS 4.4 GB
[cluster 10/20] cgroup_L5_344e058f (method=rem_group)
  -> cgroup_L5_344e058f ok | wall 184.1s | RSS 4.4 GB
[cluster 11/20] cgroup_L5_828ae0cb (method=rem_group)
  -> cgroup_L5_828ae0cb ok | wall 222.2s | RSS 4.4 GB
[cluster 12/20] cgroup_L5_d693cf88 (method=rem_group)
[cluster 13/20] cgroup_L5_87c40ebb (method=rem_group)
  -> cgroup_L5_87c40ebb ok | wall 345.9s | RSS 4.7 GB
[cluster 14/20] cgroup_L5_3d8c29f4 (method=rem_group)
  -> cgroup_L5_3d8c29f4 ok | wall 172.4s | RSS 4.7 GB
[cluster 15/20] cgroup_L5_f2f8d3ac (method=rem_group)
[cluster 16/20] cgroup_L5_dd2a1a58 (method=rem_group)
  -> cgroup_L5_dd2a1a58 ok | wall 254.8s | RSS 4.7 GB
[cluster 17/20] cgroup_L5_80a3028a (method=rem_group)
[cluster 18/20] cgroup_L5_b0066299 (method=rem_group)
  -> cgroup_L5_b0066299 ok | wall 153.7s | RSS 4.7 GB
[cluster 19/20] cgroup_L5_469db990 (method=rem_group)
  -> cgroup_L5_469db990 ok | wall 122.6s | RSS 4.7 GB
[cluster 20/20] cgroup_L5_64adcd6b (method=rem_group)
There were 50 or more warnings (use warnings() to see the first 50)
✔ Build complete in 60.8 min — run_id 3e31e59d
✔ PEZZO 7/16 scritto: '/mnt/wwn-0x5000039d58caca35/simulomicsr-stage4-A3/pezzi/pezzo-07-di-16.rds' | pooled 227651 righe | 60.8 min
