- The project is out-of-sync -- use `renv::status()` for details.
ℹ Loading simulomicsr
Warning message:
replacing previous import ‘S4Arrays::makeNindexFromArrayViewport’ by ‘DelayedArray::makeNindexFromArrayViewport’ when loading ‘SummarizedExperiment’ 

── Stadio 4 Layer A re-pool v16 (Stadio 3 v16, solo ramo rem_group) ────────────
ℹ PEZZO 10 di 16
ℹ Stadio 3: 'analysis/p4-output/20260818T110906Z-stage3-v16-7f986159'
ℹ Stadio 2 master: 'analysis/p4-output/A3-stage2-master-innestato.jsonl'
✔ Master Stadio 2 coincide con quello dello Stadio 3 (sha256 b9947746ab19...)
ℹ Loading stage3 + stage2_master...
✔ Loaded: 325059 clusters / 571680 assignments / 24394 stage2 studies (wall 12.2 sec)
ℹ Stadio 3 clusters.rds sha256: 43f3c6fe569d8a628074e3df0d6df412926ebfbf9c915a5e8fdfaafa8826d750 (wall 0.108 sec)
ℹ Pre-filter stage2_master vs ARCHS4 H5 sample axis...
ℹ H5 sample axis: 888821 sample
✔ Pre-filter done in 9.4 sec: 13/489998 sample droppati ("0.003%") — non in ARCHS4 H5 v2.5
           used   (Mb) gc trigger   (Mb) max used   (Mb)
Ncells 24874273 1328.5   43990201 2349.4 43990201 2349.4
Vcells 66707417  509.0  117101998  893.5 81137274  619.1
ℹ deliverable_methods: rem_group
ℹ Layer A: 316 clusters (rem=0, mega=0, mega_aug=0, rem_group=316)
✔ GATE: 316 cluster, tutti rem_group / cgroup_L5_
ℹ MEGA-AUG baseline cluster matchati: 0
ℹ Assignments rilevanti: 5500
ℹ Sample IDs totali Layer A: 24241
✔ h5_metadata: 24241 sample, 5 campi per le corsie

── build_stage4_results ──

ℹ dream_workers resolved: 32
ℹ pezzo 10/16: 20 cluster su 316
pezzo: 20 cluster su 316 ammessi
fusioni: record di 6 cluster assorbiti spostati sul vincente
corsie: 74 campioni in 25 librerie da piu' corsie (5 candidate scartate dalle guardie)
[cluster 1/20] cgroup_L5_86417b40 (method=rem_group)
[cluster 2/20] cgroup_L5_37942548 (method=rem_group)
  -> cgroup_L5_37942548 ok | wall 242.7s | RSS 5.0 GB
[cluster 3/20] cgroup_L5_90db4e34 (method=rem_group)
  -> cgroup_L5_90db4e34 ok | wall 184.1s | RSS 5.0 GB
[cluster 4/20] cgroup_L5_7934174c (method=rem_group)
  -> cgroup_L5_7934174c ok | wall 308.9s | RSS 5.0 GB
[cluster 5/20] cgroup_L5_021e875e (method=rem_group)
  -> cgroup_L5_021e875e ok | wall 417.1s | RSS 5.0 GB
[cluster 6/20] cgroup_L5_4be9e90d (method=rem_group)
  -> cgroup_L5_4be9e90d ok | wall 157.1s | RSS 5.0 GB
[cluster 7/20] cgroup_L5_3eaa92c9 (method=rem_group)
  -> cgroup_L5_3eaa92c9 ok | wall 184.8s | RSS 5.0 GB
[cluster 8/20] cgroup_L5_06ff1592 (method=rem_group)
  -> cgroup_L5_06ff1592 ok | wall 120.1s | RSS 5.0 GB
[cluster 9/20] cgroup_L5_089ccae5 (method=rem_group)
  -> cgroup_L5_089ccae5 ok | wall 205.2s | RSS 5.0 GB
[cluster 10/20] cgroup_L5_889ae73b (method=rem_group)
[cluster 11/20] cgroup_L5_af782291 (method=rem_group)
[cluster 12/20] cgroup_L5_4dc63a08 (method=rem_group)
[cluster 13/20] cgroup_L5_3437775a (method=rem_group)
  -> cgroup_L5_3437775a ok | wall 118.0s | RSS 5.0 GB
[cluster 14/20] cgroup_L5_12228932 (method=rem_group)
  -> cgroup_L5_12228932 ok | wall 289.6s | RSS 5.0 GB
[cluster 15/20] cgroup_L5_f29dd3b3 (method=rem_group)
  -> cgroup_L5_f29dd3b3 ok | wall 195.0s | RSS 5.0 GB
[cluster 16/20] cgroup_L5_c040a36d (method=rem_group)
  -> cgroup_L5_c040a36d ok | wall 191.9s | RSS 5.0 GB
[cluster 17/20] cgroup_L5_6d58c751 (method=rem_group)
[cluster 18/20] cgroup_L5_dac1b45f (method=rem_group)
  -> cgroup_L5_dac1b45f ok | wall 143.1s | RSS 5.0 GB
[cluster 19/20] cgroup_L5_1bbf4b9b (method=rem_group)
  -> cgroup_L5_1bbf4b9b ok | wall 150.1s | RSS 5.0 GB
[cluster 20/20] cgroup_L5_f9cc41b3 (method=rem_group)
  -> cgroup_L5_f9cc41b3 ok | wall 154.1s | RSS 5.0 GB
There were 50 or more warnings (use warnings() to see the first 50)
✔ Build complete in 66.1 min — run_id 3e31e59d
✔ PEZZO 10/16 scritto: '/mnt/wwn-0x5000039d58caca35/simulomicsr-stage4-A3/pezzi/pezzo-10-di-16.rds' | pooled 250039 righe | 66.1 min
