- The project is out-of-sync -- use `renv::status()` for details.
ℹ Loading simulomicsr
Warning message:
replacing previous import ‘S4Arrays::makeNindexFromArrayViewport’ by ‘DelayedArray::makeNindexFromArrayViewport’ when loading ‘SummarizedExperiment’ 

── Stadio 4 Layer A re-pool v16 (Stadio 3 v16, solo ramo rem_group) ────────────
ℹ PEZZO 8 di 16
ℹ Stadio 3: 'analysis/p4-output/20260818T110906Z-stage3-v16-7f986159'
ℹ Stadio 2 master: 'analysis/p4-output/A3-stage2-master-innestato.jsonl'
✔ Master Stadio 2 coincide con quello dello Stadio 3 (sha256 b9947746ab19...)
ℹ Loading stage3 + stage2_master...
✔ Loaded: 325059 clusters / 571680 assignments / 24394 stage2 studies (wall 12.5 sec)
ℹ Stadio 3 clusters.rds sha256: 43f3c6fe569d8a628074e3df0d6df412926ebfbf9c915a5e8fdfaafa8826d750 (wall 0.107 sec)
ℹ Pre-filter stage2_master vs ARCHS4 H5 sample axis...
ℹ H5 sample axis: 888821 sample
✔ Pre-filter done in 9.6 sec: 13/489998 sample droppati ("0.003%") — non in ARCHS4 H5 v2.5
           used   (Mb) gc trigger   (Mb) max used   (Mb)
Ncells 24874240 1328.5   43990162 2349.4 43990162 2349.4
Vcells 66707373  509.0  117101908  893.5 81137230  619.1
ℹ deliverable_methods: rem_group
ℹ Layer A: 316 clusters (rem=0, mega=0, mega_aug=0, rem_group=316)
✔ GATE: 316 cluster, tutti rem_group / cgroup_L5_
ℹ MEGA-AUG baseline cluster matchati: 0
ℹ Assignments rilevanti: 5500
ℹ Sample IDs totali Layer A: 24241
✔ h5_metadata: 24241 sample, 5 campi per le corsie

── build_stage4_results ──

ℹ dream_workers resolved: 32
ℹ pezzo 8/16: 20 cluster su 316
pezzo: 20 cluster su 316 ammessi
fusioni: record di 6 cluster assorbiti spostati sul vincente
corsie: 74 campioni in 25 librerie da piu' corsie (5 candidate scartate dalle guardie)
[cluster 1/20] cgroup_L5_64fbeb97 (method=rem_group)
  -> cgroup_L5_64fbeb97 ok | wall 106.1s | RSS 11.6 GB
[cluster 2/20] cgroup_L5_930c8dcf (method=rem_group)
  -> cgroup_L5_930c8dcf ok | wall 370.9s | RSS 11.6 GB
[cluster 3/20] cgroup_L5_e37b838c (method=rem_group)
  -> cgroup_L5_e37b838c ok | wall 141.1s | RSS 11.6 GB
[cluster 4/20] cgroup_L5_84b52570 (method=rem_group)
[cluster 5/20] cgroup_L5_f956ef98 (method=rem_group)
  -> cgroup_L5_f956ef98 ok | wall 193.5s | RSS 11.6 GB
[cluster 6/20] cgroup_L5_17b35bdc (method=rem_group)
  -> cgroup_L5_17b35bdc ok | wall 215.3s | RSS 11.6 GB
[cluster 7/20] cgroup_L5_4041e3af (method=rem_group)
  -> cgroup_L5_4041e3af ok | wall 160.7s | RSS 11.6 GB
[cluster 8/20] cgroup_L5_b2645a34 (method=rem_group)
  -> cgroup_L5_b2645a34 ok | wall 154.4s | RSS 11.6 GB
[cluster 9/20] cgroup_L5_28bee975 (method=rem_group)
  -> cgroup_L5_28bee975 ok | wall 116.5s | RSS 11.6 GB
[cluster 10/20] cgroup_L5_be15b706 (method=rem_group)
  -> cgroup_L5_be15b706 ok | wall 278.8s | RSS 11.6 GB
[cluster 11/20] cgroup_L5_b32ab7f6 (method=rem_group)
  -> cgroup_L5_b32ab7f6 ok | wall 208.3s | RSS 11.6 GB
[cluster 12/20] cgroup_L5_3b91a21d (method=rem_group)
  -> cgroup_L5_3b91a21d ok | wall 246.1s | RSS 11.6 GB
[cluster 13/20] cgroup_L5_b2affd22 (method=rem_group)
  -> cgroup_L5_b2affd22 ok | wall 241.0s | RSS 11.6 GB
[cluster 14/20] cgroup_L5_034592d9 (method=rem_group)
[cluster 15/20] cgroup_L5_47e67cab (method=rem_group)
  -> cgroup_L5_47e67cab ok | wall 219.4s | RSS 11.6 GB
[cluster 16/20] cgroup_L5_f51ff620 (method=rem_group)
  -> cgroup_L5_f51ff620 ok | wall 233.0s | RSS 11.6 GB
[cluster 17/20] cgroup_L5_aaecff07 (method=rem_group)
[cluster 18/20] cgroup_L5_82f82010 (method=rem_group)
  -> cgroup_L5_82f82010 ok | wall 142.1s | RSS 11.6 GB
[cluster 19/20] cgroup_L5_d6fad784 (method=rem_group)
  -> cgroup_L5_d6fad784 ok | wall 231.8s | RSS 11.6 GB
[cluster 20/20] cgroup_L5_844de383 (method=rem_group)
  -> cgroup_L5_844de383 ok | wall 121.2s | RSS 11.6 GB
There were 50 or more warnings (use warnings() to see the first 50)
✔ Build complete in 71.2 min — run_id 3e31e59d
✔ PEZZO 8/16 scritto: '/mnt/wwn-0x5000039d58caca35/simulomicsr-stage4-A3/pezzi/pezzo-08-di-16.rds' | pooled 280479 righe | 71.2 min
