
NOTE: Dependency discovery took 10 seconds during snapshot.
Consider using .renvignore to ignore files, or switching to explicit snapshots.
See `?renv::dependencies` for more information.

- /home/user/simulomicsr/man: 409 files

- The project is out-of-sync -- use `renv::status()` for details.
ℹ Loading simulomicsr
Warning message:
replacing previous import ‘S4Arrays::makeNindexFromArrayViewport’ by ‘DelayedArray::makeNindexFromArrayViewport’ when loading ‘SummarizedExperiment’ 

── Stadio 4 Layer A re-pool v16 (Stadio 3 v16, solo ramo rem_group) ────────────
ℹ PEZZO 12 di 16
ℹ Stadio 3: 'analysis/p4-output/20260818T110906Z-stage3-v16-7f986159'
ℹ Stadio 2 master: 'analysis/p4-output/A3-stage2-master-innestato.jsonl'
✔ Master Stadio 2 coincide con quello dello Stadio 3 (sha256 b9947746ab19...)
ℹ Loading stage3 + stage2_master...
✔ Loaded: 325059 clusters / 571680 assignments / 24394 stage2 studies (wall 13.2 sec)
ℹ Stadio 3 clusters.rds sha256: 43f3c6fe569d8a628074e3df0d6df412926ebfbf9c915a5e8fdfaafa8826d750 (wall 0.107 sec)
ℹ Pre-filter stage2_master vs ARCHS4 H5 sample axis...
ℹ H5 sample axis: 888821 sample
✔ Pre-filter done in 7.6 sec: 13/489998 sample droppati ("0.003%") — non in ARCHS4 H5 v2.5
           used   (Mb) gc trigger   (Mb) max used   (Mb)
Ncells 24874581 1328.5   43829677 2340.8 43829677 2340.8
Vcells 66708144  509.0  109340036  834.2 84523504  644.9
ℹ deliverable_methods: rem_group
ℹ Layer A: 316 clusters (rem=0, mega=0, mega_aug=0, rem_group=316)
✔ GATE: 316 cluster, tutti rem_group / cgroup_L5_
ℹ MEGA-AUG baseline cluster matchati: 0
ℹ Assignments rilevanti: 5500
ℹ Sample IDs totali Layer A: 24241
✔ h5_metadata: 24241 sample, 5 campi per le corsie

── build_stage4_results ──

ℹ dream_workers resolved: 32
ℹ pezzo 12/16: 20 cluster su 316
pezzo: 20 cluster su 316 ammessi
fusioni: record di 6 cluster assorbiti spostati sul vincente
corsie: 74 campioni in 25 librerie da piu' corsie (5 candidate scartate dalle guardie)
[cluster 1/20] cgroup_L5_8be26844 (method=rem_group)
[cluster 2/20] cgroup_L5_ff04c7c1 (method=rem_group)
[cluster 3/20] cgroup_L5_41f7b088 (method=rem_group)
  -> cgroup_L5_41f7b088 ok | wall 216.7s | RSS 4.5 GB
[cluster 4/20] cgroup_L5_c0d1d837 (method=rem_group)
  -> cgroup_L5_c0d1d837 ok | wall 373.4s | RSS 5.1 GB
[cluster 5/20] cgroup_L5_99d7941a (method=rem_group)
  -> cgroup_L5_99d7941a ok | wall 191.2s | RSS 5.1 GB
[cluster 6/20] cgroup_L5_57ea5503 (method=rem_group)
[cluster 7/20] cgroup_L5_0a71325c (method=rem_group)
[cluster 8/20] cgroup_L5_e135d758 (method=rem_group)
[cluster 9/20] cgroup_L5_8ae0498f (method=rem_group)
[cluster 10/20] cgroup_L5_ff45f67e (method=rem_group)
  -> cgroup_L5_ff45f67e ok | wall 126.7s | RSS 5.1 GB
[cluster 11/20] cgroup_L5_b0e8388e (method=rem_group)
[cluster 12/20] cgroup_L5_2d53def6 (method=rem_group)
  -> cgroup_L5_2d53def6 ok | wall 172.8s | RSS 5.1 GB
[cluster 13/20] cgroup_L5_3f0cc1fe (method=rem_group)
  -> cgroup_L5_3f0cc1fe ok | wall 269.7s | RSS 5.1 GB
[cluster 14/20] cgroup_L5_c99ed4ee (method=rem_group)
[cluster 15/20] cgroup_L5_6ee86f02 (method=rem_group)
  -> cgroup_L5_6ee86f02 ok | wall 125.4s | RSS 5.1 GB
[cluster 16/20] cgroup_L5_50ef2733 (method=rem_group)
  -> cgroup_L5_50ef2733 ok | wall 152.4s | RSS 5.1 GB
[cluster 17/20] cgroup_L5_7784bb43 (method=rem_group)
  -> cgroup_L5_7784bb43 ok | wall 207.3s | RSS 5.1 GB
[cluster 18/20] cgroup_L5_4b901bf1 (method=rem_group)
  -> cgroup_L5_4b901bf1 ok | wall 309.1s | RSS 5.1 GB
[cluster 19/20] cgroup_L5_36b956de (method=rem_group)
  -> cgroup_L5_36b956de ok | wall 178.2s | RSS 5.1 GB
[cluster 20/20] cgroup_L5_46a3a103 (method=rem_group)
  -> cgroup_L5_46a3a103 ok | wall 241.7s | RSS 5.1 GB
There were 50 or more warnings (use warnings() to see the first 50)
✔ Build complete in 55.8 min — run_id 3e31e59d
✔ PEZZO 12/16 scritto: '/mnt/wwn-0x5000039d58caca35/simulomicsr-stage4-A3/pezzi/pezzo-12-di-16.rds' | pooled 197888 righe | 55.8 min
