- The project is out-of-sync -- use `renv::status()` for details.
ℹ Loading simulomicsr
Warning message:
replacing previous import ‘S4Arrays::makeNindexFromArrayViewport’ by ‘DelayedArray::makeNindexFromArrayViewport’ when loading ‘SummarizedExperiment’ 

── Stadio 4 Layer A re-pool v16 (Stadio 3 v16, solo ramo rem_group) ────────────
ℹ PEZZO 14 di 16
ℹ Stadio 3: 'analysis/p4-output/20260818T110906Z-stage3-v16-7f986159'
ℹ Stadio 2 master: 'analysis/p4-output/A3-stage2-master-innestato.jsonl'
✔ Master Stadio 2 coincide con quello dello Stadio 3 (sha256 b9947746ab19...)
ℹ Loading stage3 + stage2_master...
✔ Loaded: 325059 clusters / 571680 assignments / 24394 stage2 studies (wall 13.3 sec)
ℹ Stadio 3 clusters.rds sha256: 43f3c6fe569d8a628074e3df0d6df412926ebfbf9c915a5e8fdfaafa8826d750 (wall 0.108 sec)
ℹ Pre-filter stage2_master vs ARCHS4 H5 sample axis...
ℹ H5 sample axis: 888821 sample
✔ Pre-filter done in 7.7 sec: 13/489998 sample droppati ("0.003%") — non in ARCHS4 H5 v2.5
           used   (Mb) gc trigger   (Mb) max used   (Mb)
Ncells 24874255 1328.5   43829605 2340.8 43829605 2340.8
Vcells 66707393  509.0  109338862  834.2 84522752  644.9
ℹ deliverable_methods: rem_group
ℹ Layer A: 316 clusters (rem=0, mega=0, mega_aug=0, rem_group=316)
✔ GATE: 316 cluster, tutti rem_group / cgroup_L5_
ℹ MEGA-AUG baseline cluster matchati: 0
ℹ Assignments rilevanti: 5500
ℹ Sample IDs totali Layer A: 24241
✔ h5_metadata: 24241 sample, 5 campi per le corsie

── build_stage4_results ──

ℹ dream_workers resolved: 32
ℹ pezzo 14/16: 19 cluster su 316
pezzo: 19 cluster su 316 ammessi
fusioni: record di 6 cluster assorbiti spostati sul vincente
corsie: 74 campioni in 25 librerie da piu' corsie (5 candidate scartate dalle guardie)
[cluster 1/19] cgroup_L5_d28620cd (method=rem_group)
  -> cgroup_L5_d28620cd ok | wall 133.9s | RSS 4.6 GB
[cluster 2/19] cgroup_L5_93068469 (method=rem_group)
  -> cgroup_L5_93068469 ok | wall 166.6s | RSS 4.6 GB
[cluster 3/19] cgroup_L5_0f3211e0 (method=rem_group)
[cluster 4/19] cgroup_L5_b3ccf1c1 (method=rem_group)
[cluster 5/19] cgroup_L5_8f29463d (method=rem_group)
[cluster 6/19] cgroup_L5_5927750b (method=rem_group)
  -> cgroup_L5_5927750b ok | wall 281.2s | RSS 4.6 GB
[cluster 7/19] cgroup_L5_3439da02 (method=rem_group)
  -> cgroup_L5_3439da02 ok | wall 214.8s | RSS 4.6 GB
[cluster 8/19] cgroup_L5_8ac307e0 (method=rem_group)
  -> cgroup_L5_8ac307e0 ok | wall 161.8s | RSS 4.6 GB
[cluster 9/19] cgroup_L5_a8d88150 (method=rem_group)
[cluster 10/19] cgroup_L5_601ede7b (method=rem_group)
  -> cgroup_L5_601ede7b ok | wall 284.8s | RSS 4.6 GB
[cluster 11/19] cgroup_L5_165b7913 (method=rem_group)
[cluster 12/19] cgroup_L5_9132f546 (method=rem_group)
[cluster 13/19] cgroup_L5_905be893 (method=rem_group)
  -> cgroup_L5_905be893 ok | wall 352.5s | RSS 5.2 GB
[cluster 14/19] cgroup_L5_889ec305 (method=rem_group)
  -> cgroup_L5_889ec305 ok | wall 248.3s | RSS 5.2 GB
[cluster 15/19] cgroup_L5_729b276d (method=rem_group)
  -> cgroup_L5_729b276d ok | wall 167.1s | RSS 5.2 GB
[cluster 16/19] cgroup_L5_79a73ac5 (method=rem_group)
  -> cgroup_L5_79a73ac5 ok | wall 256.5s | RSS 5.2 GB
[cluster 17/19] cgroup_L5_522e9ebd (method=rem_group)
[cluster 18/19] cgroup_L5_ead098cd (method=rem_group)
[cluster 19/19] cgroup_L5_37ecd157 (method=rem_group)
There were 50 or more warnings (use warnings() to see the first 50)
✔ Build complete in 52.2 min — run_id 3e31e59d
✔ PEZZO 14/16 scritto: '/mnt/wwn-0x5000039d58caca35/simulomicsr-stage4-A3/pezzi/pezzo-14-di-16.rds' | pooled 171032 righe | 52.2 min
