- The project is out-of-sync -- use `renv::status()` for details.
ℹ Loading simulomicsr
Warning message:
replacing previous import ‘S4Arrays::makeNindexFromArrayViewport’ by ‘DelayedArray::makeNindexFromArrayViewport’ when loading ‘SummarizedExperiment’ 

── Stadio 4 Layer A re-pool v16 (Stadio 3 v16, solo ramo rem_group) ────────────
ℹ PEZZO 4 di 16
ℹ Stadio 3: 'analysis/p4-output/20260818T110906Z-stage3-v16-7f986159'
ℹ Stadio 2 master: 'analysis/p4-output/A3-stage2-master-innestato.jsonl'
✔ Master Stadio 2 coincide con quello dello Stadio 3 (sha256 b9947746ab19...)
ℹ Loading stage3 + stage2_master...
✔ Loaded: 325059 clusters / 571680 assignments / 24394 stage2 studies (wall 12.3 sec)
ℹ Stadio 3 clusters.rds sha256: 43f3c6fe569d8a628074e3df0d6df412926ebfbf9c915a5e8fdfaafa8826d750 (wall 0.102 sec)
ℹ Pre-filter stage2_master vs ARCHS4 H5 sample axis...
ℹ H5 sample axis: 888821 sample
✔ Pre-filter done in 9.6 sec: 13/489998 sample droppati ("0.003%") — non in ARCHS4 H5 v2.5
           used   (Mb) gc trigger   (Mb) max used   (Mb)
Ncells 24874270 1328.5   43990197 2349.4 43990197 2349.4
Vcells 66707413  509.0  117101991  893.5 81137270  619.1
ℹ deliverable_methods: rem_group
ℹ Layer A: 316 clusters (rem=0, mega=0, mega_aug=0, rem_group=316)
✔ GATE: 316 cluster, tutti rem_group / cgroup_L5_
ℹ MEGA-AUG baseline cluster matchati: 0
ℹ Assignments rilevanti: 5500
ℹ Sample IDs totali Layer A: 24241
✔ h5_metadata: 24241 sample, 5 campi per le corsie

── build_stage4_results ──

ℹ dream_workers resolved: 32
ℹ pezzo 4/16: 20 cluster su 316
pezzo: 20 cluster su 316 ammessi
fusioni: record di 6 cluster assorbiti spostati sul vincente
corsie: 74 campioni in 25 librerie da piu' corsie (5 candidate scartate dalle guardie)
[cluster 1/20] cgroup_L5_4811fc0c (method=rem_group)
  -> cgroup_L5_4811fc0c ok | wall 183.8s | RSS 4.6 GB
[cluster 2/20] cgroup_L5_721184e6 (method=rem_group)
  -> cgroup_L5_721184e6 ok | wall 372.5s | RSS 4.6 GB
[cluster 3/20] cgroup_L5_f01e9f74 (method=rem_group)
[cluster 4/20] cgroup_L5_d8006c5b (method=rem_group)
[cluster 5/20] cgroup_L5_8078374b (method=rem_group)
[cluster 6/20] cgroup_L5_d7ad915e (method=rem_group)
  -> cgroup_L5_d7ad915e ok | wall 257.5s | RSS 4.6 GB
[cluster 7/20] cgroup_L5_f640365a (method=rem_group)
  -> cgroup_L5_f640365a ok | wall 222.9s | RSS 4.6 GB
[cluster 8/20] cgroup_L5_d2c64672 (method=rem_group)
  -> cgroup_L5_d2c64672 ok | wall 232.3s | RSS 4.6 GB
[cluster 9/20] cgroup_L5_2ec87595 (method=rem_group)
  -> cgroup_L5_2ec87595 ok | wall 226.8s | RSS 4.6 GB
[cluster 10/20] cgroup_L5_9f293ec3 (method=rem_group)
[cluster 11/20] cgroup_L5_206576be (method=rem_group)
[cluster 12/20] cgroup_L5_6b7b8076 (method=rem_group)
[cluster 13/20] cgroup_L5_c669863b (method=rem_group)
[cluster 14/20] cgroup_L5_387b0d1a (method=rem_group)
  -> cgroup_L5_387b0d1a ok | wall 189.9s | RSS 4.6 GB
[cluster 15/20] cgroup_L5_44420e6e (method=rem_group)
  -> cgroup_L5_44420e6e ok | wall 132.0s | RSS 4.6 GB
[cluster 16/20] cgroup_L5_5aa5ecdb (method=rem_group)
[cluster 17/20] cgroup_L5_83f57274 (method=rem_group)
  -> cgroup_L5_83f57274 ok | wall 555.7s | RSS 5.2 GB
[cluster 18/20] cgroup_L5_a747a14e (method=rem_group)
  -> cgroup_L5_a747a14e ok | wall 126.4s | RSS 5.2 GB
[cluster 19/20] cgroup_L5_522fa0c2 (method=rem_group)
  -> cgroup_L5_522fa0c2 ok | wall 166.3s | RSS 5.2 GB
[cluster 20/20] cgroup_L5_df599af1 (method=rem_group)
  -> cgroup_L5_df599af1 ok | wall 199.6s | RSS 5.2 GB
There were 50 or more warnings (use warnings() to see the first 50)
✔ Build complete in 60.2 min — run_id 3e31e59d
✔ PEZZO 4/16 scritto: '/mnt/wwn-0x5000039d58caca35/simulomicsr-stage4-A3/pezzi/pezzo-04-di-16.rds' | pooled 202121 righe | 60.2 min
