- The project is out-of-sync -- use `renv::status()` for details.
ℹ Loading simulomicsr
Warning message:
replacing previous import ‘S4Arrays::makeNindexFromArrayViewport’ by ‘DelayedArray::makeNindexFromArrayViewport’ when loading ‘SummarizedExperiment’ 

── Stadio 4 Layer A re-pool v16 (Stadio 3 v16, solo ramo rem_group) ────────────
ℹ PEZZO 9 di 16
ℹ Stadio 3: 'analysis/p4-output/20260818T110906Z-stage3-v16-7f986159'
ℹ Stadio 2 master: 'analysis/p4-output/A3-stage2-master-innestato.jsonl'
✔ Master Stadio 2 coincide con quello dello Stadio 3 (sha256 b9947746ab19...)
ℹ Loading stage3 + stage2_master...
✔ Loaded: 325059 clusters / 571680 assignments / 24394 stage2 studies (wall 12.5 sec)
ℹ Stadio 3 clusters.rds sha256: 43f3c6fe569d8a628074e3df0d6df412926ebfbf9c915a5e8fdfaafa8826d750 (wall 0.108 sec)
ℹ Pre-filter stage2_master vs ARCHS4 H5 sample axis...
ℹ H5 sample axis: 888821 sample
✔ Pre-filter done in 9.8 sec: 13/489998 sample droppati ("0.003%") — non in ARCHS4 H5 v2.5
           used   (Mb) gc trigger   (Mb) max used   (Mb)
Ncells 24874251 1328.5   43990174 2349.4 43990174 2349.4
Vcells 66707405  509.0  117101972  893.5 81137262  619.1
ℹ deliverable_methods: rem_group
ℹ Layer A: 316 clusters (rem=0, mega=0, mega_aug=0, rem_group=316)
✔ GATE: 316 cluster, tutti rem_group / cgroup_L5_
ℹ MEGA-AUG baseline cluster matchati: 0
ℹ Assignments rilevanti: 5500
ℹ Sample IDs totali Layer A: 24241
✔ h5_metadata: 24241 sample, 5 campi per le corsie

── build_stage4_results ──

ℹ dream_workers resolved: 32
ℹ pezzo 9/16: 20 cluster su 316
pezzo: 20 cluster su 316 ammessi
fusioni: record di 6 cluster assorbiti spostati sul vincente
corsie: 74 campioni in 25 librerie da piu' corsie (5 candidate scartate dalle guardie)
[cluster 1/20] cgroup_L5_862cd9b9 (method=rem_group)
  -> cgroup_L5_862cd9b9 ok | wall 216.8s | RSS 5.1 GB
[cluster 2/20] cgroup_L5_ef9b09df (method=rem_group)
  -> cgroup_L5_ef9b09df ok | wall 162.3s | RSS 5.1 GB
[cluster 3/20] cgroup_L5_34376df0 (method=rem_group)
[cluster 4/20] cgroup_L5_f9769fd6 (method=rem_group)
[cluster 5/20] cgroup_L5_d7abf612 (method=rem_group)
[cluster 6/20] cgroup_L5_0e66597e (method=rem_group)
  -> cgroup_L5_0e66597e ok | wall 355.3s | RSS 5.1 GB
[cluster 7/20] cgroup_L5_31308596 (method=rem_group)
  -> cgroup_L5_31308596 ok | wall 136.6s | RSS 5.1 GB
[cluster 8/20] cgroup_L5_49e290ae (method=rem_group)
  -> cgroup_L5_49e290ae ok | wall 136.9s | RSS 5.1 GB
[cluster 9/20] cgroup_L5_03d0ca7b (method=rem_group)
  -> cgroup_L5_03d0ca7b ok | wall 201.9s | RSS 5.1 GB
[cluster 10/20] cgroup_L5_8958b27a (method=rem_group)
  -> cgroup_L5_8958b27a ok | wall 147.9s | RSS 5.1 GB
[cluster 11/20] cgroup_L5_ae969461 (method=rem_group)
[cluster 12/20] cgroup_L5_004d293d (method=rem_group)
  -> cgroup_L5_004d293d ok | wall 299.6s | RSS 5.1 GB
[cluster 13/20] cgroup_L5_a32e5eaa (method=rem_group)
  -> cgroup_L5_a32e5eaa ok | wall 329.9s | RSS 5.1 GB
[cluster 14/20] cgroup_L5_05322ba1 (method=rem_group)
  -> cgroup_L5_05322ba1 ok | wall 224.5s | RSS 5.1 GB
[cluster 15/20] cgroup_L5_83135c89 (method=rem_group)
[cluster 16/20] cgroup_L5_3be7454c (method=rem_group)
  -> cgroup_L5_3be7454c ok | wall 174.1s | RSS 5.1 GB
[cluster 17/20] cgroup_L5_6c7f9e9e (method=rem_group)
[cluster 18/20] cgroup_L5_b9c77320 (method=rem_group)
[cluster 19/20] cgroup_L5_bb8cb388 (method=rem_group)
  -> cgroup_L5_bb8cb388 ok | wall 157.8s | RSS 5.1 GB
[cluster 20/20] cgroup_L5_4d535f25 (method=rem_group)
  -> cgroup_L5_4d535f25 ok | wall 126.7s | RSS 5.1 GB
There were 50 or more warnings (use warnings() to see the first 50)
✔ Build complete in 59.1 min — run_id 3e31e59d
✔ PEZZO 9/16 scritto: '/mnt/wwn-0x5000039d58caca35/simulomicsr-stage4-A3/pezzi/pezzo-09-di-16.rds' | pooled 203051 righe | 59.1 min
