
NOTE: Dependency discovery took 10 seconds during snapshot.
Consider using .renvignore to ignore files, or switching to explicit snapshots.
See `?renv::dependencies` for more information.

- /home/user/simulomicsr/man: 409 files

- The project is out-of-sync -- use `renv::status()` for details.
ℹ Loading simulomicsr
Warning message:
replacing previous import ‘S4Arrays::makeNindexFromArrayViewport’ by ‘DelayedArray::makeNindexFromArrayViewport’ when loading ‘SummarizedExperiment’ 

── Stadio 4 Layer A re-pool v16 (Stadio 3 v16, solo ramo rem_group) ────────────
ℹ PEZZO 13 di 16
ℹ Stadio 3: 'analysis/p4-output/20260818T110906Z-stage3-v16-7f986159'
ℹ Stadio 2 master: 'analysis/p4-output/A3-stage2-master-innestato.jsonl'
✔ Master Stadio 2 coincide con quello dello Stadio 3 (sha256 b9947746ab19...)
ℹ Loading stage3 + stage2_master...
✔ Loaded: 325059 clusters / 571680 assignments / 24394 stage2 studies (wall 12.8 sec)
ℹ Stadio 3 clusters.rds sha256: 43f3c6fe569d8a628074e3df0d6df412926ebfbf9c915a5e8fdfaafa8826d750 (wall 0.108 sec)
ℹ Pre-filter stage2_master vs ARCHS4 H5 sample axis...
ℹ H5 sample axis: 888821 sample
✔ Pre-filter done in 9.9 sec: 13/489998 sample droppati ("0.003%") — non in ARCHS4 H5 v2.5
           used   (Mb) gc trigger   (Mb) max used   (Mb)
Ncells 24874581 1328.5   43990547 2349.4 43990547 2349.4
Vcells 66708144  509.0  117103504  893.5 81138001  619.1
ℹ deliverable_methods: rem_group
ℹ Layer A: 316 clusters (rem=0, mega=0, mega_aug=0, rem_group=316)
✔ GATE: 316 cluster, tutti rem_group / cgroup_L5_
ℹ MEGA-AUG baseline cluster matchati: 0
ℹ Assignments rilevanti: 5500
ℹ Sample IDs totali Layer A: 24241
✔ h5_metadata: 24241 sample, 5 campi per le corsie

── build_stage4_results ──

ℹ dream_workers resolved: 32
ℹ pezzo 13/16: 19 cluster su 316
pezzo: 19 cluster su 316 ammessi
fusioni: record di 6 cluster assorbiti spostati sul vincente
corsie: 74 campioni in 25 librerie da piu' corsie (5 candidate scartate dalle guardie)
[cluster 1/19] cgroup_L5_8e775709 (method=rem_group)
[cluster 2/19] cgroup_L5_ff78d2a8 (method=rem_group)
[cluster 3/19] cgroup_L5_0b985869 (method=rem_group)
[cluster 4/19] cgroup_L5_ea4a1823 (method=rem_group)
  -> cgroup_L5_ea4a1823 ok | wall 151.5s | RSS 7.7 GB
[cluster 5/19] cgroup_L5_8a54ddd6 (method=rem_group)
  -> cgroup_L5_8a54ddd6 ok | wall 410.3s | RSS 7.7 GB
[cluster 6/19] cgroup_L5_516200d1 (method=rem_group)
[cluster 7/19] cgroup_L5_722791b2 (method=rem_group)
[cluster 8/19] cgroup_L5_8eca612e (method=rem_group)
[cluster 9/19] cgroup_L5_b1c1f147 (method=rem_group)
[cluster 10/19] cgroup_L5_63e69fdc (method=rem_group)
  -> cgroup_L5_63e69fdc ok | wall 249.2s | RSS 7.7 GB
[cluster 11/19] cgroup_L5_a69fcae5 (method=rem_group)
  -> cgroup_L5_a69fcae5 ok | wall 169.1s | RSS 7.7 GB
[cluster 12/19] cgroup_L5_85083e38 (method=rem_group)
  -> cgroup_L5_85083e38 ok | wall 265.0s | RSS 7.7 GB
[cluster 13/19] cgroup_L5_444e7fc2 (method=rem_group)
  -> cgroup_L5_444e7fc2 ok | wall 317.8s | RSS 7.7 GB
[cluster 14/19] cgroup_L5_8c9339f5 (method=rem_group)
  -> cgroup_L5_8c9339f5 ok | wall 231.7s | RSS 7.7 GB
[cluster 15/19] cgroup_L5_cfad03a8 (method=rem_group)
[cluster 16/19] cgroup_L5_37b0b276 (method=rem_group)
[cluster 17/19] cgroup_L5_304e1195 (method=rem_group)
[cluster 18/19] cgroup_L5_5801e974 (method=rem_group)
[cluster 19/19] cgroup_L5_4753688f (method=rem_group)
  -> cgroup_L5_4753688f ok | wall 262.0s | RSS 7.7 GB
There were 50 or more warnings (use warnings() to see the first 50)
✔ Build complete in 48.1 min — run_id 3e31e59d
✔ PEZZO 13/16 scritto: '/mnt/wwn-0x5000039d58caca35/simulomicsr-stage4-A3/pezzi/pezzo-13-di-16.rds' | pooled 137973 righe | 48.1 min
