- The project is out-of-sync -- use `renv::status()` for details.
ℹ Loading simulomicsr
Warning message:
replacing previous import ‘S4Arrays::makeNindexFromArrayViewport’ by ‘DelayedArray::makeNindexFromArrayViewport’ when loading ‘SummarizedExperiment’ 

── Stadio 4 Layer A re-pool v16 (Stadio 3 v16, solo ramo rem_group) ────────────
ℹ PEZZO 3 di 16
ℹ Stadio 3: 'analysis/p4-output/20260818T110906Z-stage3-v16-7f986159'
ℹ Stadio 2 master: 'analysis/p4-output/A3-stage2-master-innestato.jsonl'
✔ Master Stadio 2 coincide con quello dello Stadio 3 (sha256 b9947746ab19...)
ℹ Loading stage3 + stage2_master...
✔ Loaded: 325059 clusters / 571680 assignments / 24394 stage2 studies (wall 11.7 sec)
ℹ Stadio 3 clusters.rds sha256: 43f3c6fe569d8a628074e3df0d6df412926ebfbf9c915a5e8fdfaafa8826d750 (wall 0.108 sec)
ℹ Pre-filter stage2_master vs ARCHS4 H5 sample axis...
ℹ H5 sample axis: 888821 sample
✔ Pre-filter done in 9.1 sec: 13/489998 sample droppati ("0.003%") — non in ARCHS4 H5 v2.5
           used   (Mb) gc trigger   (Mb) max used   (Mb)
Ncells 24874273 1328.5   43990201 2349.4 43990201 2349.4
Vcells 66707417  509.0  117101998  893.5 81137274  619.1
ℹ deliverable_methods: rem_group
ℹ Layer A: 316 clusters (rem=0, mega=0, mega_aug=0, rem_group=316)
✔ GATE: 316 cluster, tutti rem_group / cgroup_L5_
ℹ MEGA-AUG baseline cluster matchati: 0
ℹ Assignments rilevanti: 5500
ℹ Sample IDs totali Layer A: 24241
✔ h5_metadata: 24241 sample, 5 campi per le corsie

── build_stage4_results ──

ℹ dream_workers resolved: 32
ℹ pezzo 3/16: 20 cluster su 316
pezzo: 20 cluster su 316 ammessi
fusioni: record di 6 cluster assorbiti spostati sul vincente
corsie: 74 campioni in 25 librerie da piu' corsie (5 candidate scartate dalle guardie)
[cluster 1/20] cgroup_L5_479c6221 (method=rem_group)
  -> cgroup_L5_479c6221 ok | wall 195.7s | RSS 5.3 GB
[cluster 2/20] cgroup_L5_3370a794 (method=rem_group)
  -> cgroup_L5_3370a794 ok | wall 107.4s | RSS 5.3 GB
[cluster 3/20] cgroup_L5_c548d053 (method=rem_group)
  -> cgroup_L5_c548d053 ok | wall 640.2s | RSS 5.5 GB
[cluster 4/20] cgroup_L5_9f0ea111 (method=rem_group)
[cluster 5/20] cgroup_L5_a48d6990 (method=rem_group)
[cluster 6/20] cgroup_L5_1c7b64af (method=rem_group)
  -> cgroup_L5_1c7b64af ok | wall 158.3s | RSS 5.5 GB
[cluster 7/20] cgroup_L5_29cb04f8 (method=rem_group)
  -> cgroup_L5_29cb04f8 ok | wall 204.1s | RSS 5.5 GB
[cluster 8/20] cgroup_L5_cf34c533 (method=rem_group)
  -> cgroup_L5_cf34c533 ok | wall 134.7s | RSS 5.5 GB
[cluster 9/20] cgroup_L5_6df6a50e (method=rem_group)
  -> cgroup_L5_6df6a50e ok | wall 292.4s | RSS 5.5 GB
[cluster 10/20] cgroup_L5_6ac5ea3a (method=rem_group)
[cluster 11/20] cgroup_L5_f56d966d (method=rem_group)
  -> cgroup_L5_f56d966d ok | wall 134.6s | RSS 5.5 GB
[cluster 12/20] cgroup_L5_bd19fe42 (method=rem_group)
  -> cgroup_L5_bd19fe42 ok | wall 271.7s | RSS 5.5 GB
[cluster 13/20] cgroup_L5_be3d65c3 (method=rem_group)
[cluster 14/20] cgroup_L5_c13b1103 (method=rem_group)
  -> cgroup_L5_c13b1103 ok | wall 210.2s | RSS 5.5 GB
[cluster 15/20] cgroup_L5_7cc951b5 (method=rem_group)
[cluster 16/20] cgroup_L5_4399f313 (method=rem_group)
[cluster 17/20] cgroup_L5_dd2a13de (method=rem_group)
  -> cgroup_L5_dd2a13de ok | wall 155.5s | RSS 5.5 GB
[cluster 18/20] cgroup_L5_3fa847fe (method=rem_group)
  -> cgroup_L5_3fa847fe ok | wall 216.9s | RSS 5.5 GB
[cluster 19/20] cgroup_L5_eedd08cb (method=rem_group)
  -> cgroup_L5_eedd08cb ok | wall 156.2s | RSS 5.5 GB
[cluster 20/20] cgroup_L5_5929f298 (method=rem_group)
There were 50 or more warnings (use warnings() to see the first 50)
✔ Build complete in 63.5 min — run_id 3e31e59d
✔ PEZZO 3/16 scritto: '/mnt/wwn-0x5000039d58caca35/simulomicsr-stage4-A3/pezzi/pezzo-03-di-16.rds' | pooled 219490 righe | 63.5 min
