- The project is out-of-sync -- use `renv::status()` for details.
ℹ Loading simulomicsr
Warning message:
replacing previous import ‘S4Arrays::makeNindexFromArrayViewport’ by ‘DelayedArray::makeNindexFromArrayViewport’ when loading ‘SummarizedExperiment’ 

── Stadio 4 Layer A re-pool v16 (Stadio 3 v16, solo ramo rem_group) ────────────
ℹ PEZZO 5 di 16
ℹ Stadio 3: 'analysis/p4-output/20260818T110906Z-stage3-v16-7f986159'
ℹ Stadio 2 master: 'analysis/p4-output/A3-stage2-master-innestato.jsonl'
✔ Master Stadio 2 coincide con quello dello Stadio 3 (sha256 b9947746ab19...)
ℹ Loading stage3 + stage2_master...
✔ Loaded: 325059 clusters / 571680 assignments / 24394 stage2 studies (wall 11.9 sec)
ℹ Stadio 3 clusters.rds sha256: 43f3c6fe569d8a628074e3df0d6df412926ebfbf9c915a5e8fdfaafa8826d750 (wall 0.1 sec)
ℹ Pre-filter stage2_master vs ARCHS4 H5 sample axis...
ℹ H5 sample axis: 888821 sample
✔ Pre-filter done in 9.3 sec: 13/489998 sample droppati ("0.003%") — non in ARCHS4 H5 v2.5
           used   (Mb) gc trigger   (Mb) max used   (Mb)
Ncells 24874258 1328.5   43990185 2349.4 43990185 2349.4
Vcells 66707397  509.0  117101956  893.5 81137254  619.1
ℹ deliverable_methods: rem_group
ℹ Layer A: 316 clusters (rem=0, mega=0, mega_aug=0, rem_group=316)
✔ GATE: 316 cluster, tutti rem_group / cgroup_L5_
ℹ MEGA-AUG baseline cluster matchati: 0
ℹ Assignments rilevanti: 5500
ℹ Sample IDs totali Layer A: 24241
✔ h5_metadata: 24241 sample, 5 campi per le corsie

── build_stage4_results ──

ℹ dream_workers resolved: 32
ℹ pezzo 5/16: 20 cluster su 316
pezzo: 20 cluster su 316 ammessi
fusioni: record di 6 cluster assorbiti spostati sul vincente
corsie: 74 campioni in 25 librerie da piu' corsie (5 candidate scartate dalle guardie)
[cluster 1/20] cgroup_L5_b71a25a2 (method=rem_group)
  -> cgroup_L5_b71a25a2 ok | wall 545.9s | RSS 5.3 GB
[cluster 2/20] cgroup_L5_5d1a5c5f (method=rem_group)
[cluster 3/20] cgroup_L5_cc922d97 (method=rem_group)
[cluster 4/20] cgroup_L5_d411c435 (method=rem_group)
  -> cgroup_L5_d411c435 ok | wall 154.8s | RSS 5.3 GB
[cluster 5/20] cgroup_L5_80cee6f3 (method=rem_group)
[cluster 6/20] cgroup_L5_5b9a08fb (method=rem_group)
  -> cgroup_L5_5b9a08fb ok | wall 172.6s | RSS 5.3 GB
[cluster 7/20] cgroup_L5_d800c4f2 (method=rem_group)
  -> cgroup_L5_d800c4f2 ok | wall 176.6s | RSS 5.3 GB
[cluster 8/20] cgroup_L5_451ecb56 (method=rem_group)
[cluster 9/20] cgroup_L5_3a0a595f (method=rem_group)
  -> cgroup_L5_3a0a595f ok | wall 355.4s | RSS 5.3 GB
[cluster 10/20] cgroup_L5_03b38818 (method=rem_group)
  -> cgroup_L5_03b38818 ok | wall 130.4s | RSS 5.3 GB
[cluster 11/20] cgroup_L5_238f4dad (method=rem_group)
[cluster 12/20] cgroup_L5_1e8a735e (method=rem_group)
  -> cgroup_L5_1e8a735e ok | wall 186.2s | RSS 5.3 GB
[cluster 13/20] cgroup_L5_f2481870 (method=rem_group)
  -> cgroup_L5_f2481870 ok | wall 114.7s | RSS 5.3 GB
[cluster 14/20] cgroup_L5_9f34eb99 (method=rem_group)
[cluster 15/20] cgroup_L5_3973fe03 (method=rem_group)
  -> cgroup_L5_3973fe03 ok | wall 184.6s | RSS 5.3 GB
[cluster 16/20] cgroup_L5_49d55bfd (method=rem_group)
  -> cgroup_L5_49d55bfd ok | wall 229.7s | RSS 5.3 GB
[cluster 17/20] cgroup_L5_f832048f (method=rem_group)
  -> cgroup_L5_f832048f ok | wall 287.9s | RSS 5.3 GB
[cluster 18/20] cgroup_L5_debadb13 (method=rem_group)
  -> cgroup_L5_debadb13 ok | wall 216.5s | RSS 5.3 GB
[cluster 19/20] cgroup_L5_a7509255 (method=rem_group)
[cluster 20/20] cgroup_L5_70f8671b (method=rem_group)
  -> cgroup_L5_70f8671b ok | wall 225.1s | RSS 5.3 GB
There were 50 or more warnings (use warnings() to see the first 50)
✔ Build complete in 64.9 min — run_id 3e31e59d
✔ PEZZO 5/16 scritto: '/mnt/wwn-0x5000039d58caca35/simulomicsr-stage4-A3/pezzi/pezzo-05-di-16.rds' | pooled 214242 righe | 64.9 min
