- The project is out-of-sync -- use `renv::status()` for details.
ℹ Loading simulomicsr
Warning message:
replacing previous import ‘S4Arrays::makeNindexFromArrayViewport’ by ‘DelayedArray::makeNindexFromArrayViewport’ when loading ‘SummarizedExperiment’ 

── Stadio 4 Layer A re-pool v16 (Stadio 3 v16, solo ramo rem_group) ────────────
ℹ PEZZO 1 di 16
ℹ Stadio 3: 'analysis/p4-output/20260818T110906Z-stage3-v16-7f986159'
ℹ Stadio 2 master: 'analysis/p4-output/A3-stage2-master-innestato.jsonl'
✔ Master Stadio 2 coincide con quello dello Stadio 3 (sha256 b9947746ab19...)
ℹ Loading stage3 + stage2_master...
✔ Loaded: 325059 clusters / 571680 assignments / 24394 stage2 studies (wall 12.8 sec)
ℹ Stadio 3 clusters.rds sha256: 43f3c6fe569d8a628074e3df0d6df412926ebfbf9c915a5e8fdfaafa8826d750 (wall 0.103 sec)
ℹ Pre-filter stage2_master vs ARCHS4 H5 sample axis...
ℹ H5 sample axis: 888821 sample
✔ Pre-filter done in 7.5 sec: 13/489998 sample droppati ("0.003%") — non in ARCHS4 H5 v2.5
           used   (Mb) gc trigger   (Mb) max used   (Mb)
Ncells 24874273 1328.5   43829600 2340.8 43829600 2340.8
Vcells 66707417  509.0  109338897  834.2 84522777  644.9
ℹ deliverable_methods: rem_group
ℹ Layer A: 316 clusters (rem=0, mega=0, mega_aug=0, rem_group=316)
✔ GATE: 316 cluster, tutti rem_group / cgroup_L5_
ℹ MEGA-AUG baseline cluster matchati: 0
ℹ Assignments rilevanti: 5500
ℹ Sample IDs totali Layer A: 24241
✔ h5_metadata: 24241 sample, 5 campi per le corsie

── build_stage4_results ──

ℹ dream_workers resolved: 32
ℹ pezzo 1/16: 20 cluster su 316
pezzo: 20 cluster su 316 ammessi
fusioni: record di 6 cluster assorbiti spostati sul vincente
corsie: 74 campioni in 25 librerie da piu' corsie (5 candidate scartate dalle guardie)
[cluster 1/20] cgroup_L5_61352c9e (method=rem_group)
[cluster 2/20] cgroup_L5_dde29fb4 (method=rem_group)
  -> cgroup_L5_dde29fb4 ok | wall 227.1s | RSS 5.8 GB
[cluster 3/20] cgroup_L5_5756018b (method=rem_group)
[cluster 4/20] cgroup_L5_b5db4aff (method=rem_group)
  -> cgroup_L5_b5db4aff ok | wall 192.9s | RSS 5.8 GB
[cluster 5/20] cgroup_L5_a3f0c959 (method=rem_group)
  -> cgroup_L5_a3f0c959 ok | wall 174.7s | RSS 5.8 GB
[cluster 6/20] cgroup_L5_f34ff8df (method=rem_group)
  -> cgroup_L5_f34ff8df ok | wall 188.5s | RSS 5.8 GB
[cluster 7/20] cgroup_L5_3b461817 (method=rem_group)
  -> cgroup_L5_3b461817 ok | wall 175.9s | RSS 5.8 GB
[cluster 8/20] cgroup_L5_16525349 (method=rem_group)
  -> cgroup_L5_16525349 ok | wall 157.7s | RSS 5.8 GB
[cluster 9/20] cgroup_L5_b8bc334a (method=rem_group)
[cluster 10/20] cgroup_L5_c5e86fe9 (method=rem_group)
  -> cgroup_L5_c5e86fe9 ok | wall 201.9s | RSS 5.8 GB
[cluster 11/20] cgroup_L5_edc8e828 (method=rem_group)
[cluster 12/20] cgroup_L5_2e16719f (method=rem_group)
  -> cgroup_L5_2e16719f ok | wall 1045.3s | RSS 8.3 GB
[cluster 13/20] cgroup_L5_e25d67cf (method=rem_group)
[cluster 14/20] cgroup_L5_a8ff7b6d (method=rem_group)
  -> cgroup_L5_a8ff7b6d ok | wall 190.2s | RSS 8.3 GB
[cluster 15/20] cgroup_L5_96c9f7bf (method=rem_group)
  -> cgroup_L5_96c9f7bf ok | wall 245.0s | RSS 8.3 GB
[cluster 16/20] cgroup_L5_79b3a442 (method=rem_group)
  -> cgroup_L5_79b3a442 ok | wall 131.4s | RSS 8.3 GB
[cluster 17/20] cgroup_L5_c860712d (method=rem_group)
  -> cgroup_L5_c860712d ok | wall 170.5s | RSS 8.3 GB
[cluster 18/20] cgroup_L5_ba4af011 (method=rem_group)
  -> cgroup_L5_ba4af011 ok | wall 187.8s | RSS 8.3 GB
[cluster 19/20] cgroup_L5_3de56a79 (method=rem_group)
  -> cgroup_L5_3de56a79 ok | wall 135.4s | RSS 8.3 GB
[cluster 20/20] cgroup_L5_27f3255f (method=rem_group)
There were 50 or more warnings (use warnings() to see the first 50)
✔ Build complete in 72.5 min — run_id 3e31e59d
✔ PEZZO 1/16 scritto: '/mnt/wwn-0x5000039d58caca35/simulomicsr-stage4-A3/pezzi/pezzo-01-di-16.rds' | pooled 225793 righe | 72.5 min
