- The project is out-of-sync -- use `renv::status()` for details.
ℹ Loading simulomicsr
Warning message:
replacing previous import ‘S4Arrays::makeNindexFromArrayViewport’ by ‘DelayedArray::makeNindexFromArrayViewport’ when loading ‘SummarizedExperiment’ 

── Stadio 4 Layer A re-pool v16 (Stadio 3 v16, solo ramo rem_group) ────────────
ℹ PEZZO 15 di 16
ℹ Stadio 3: 'analysis/p4-output/20260818T110906Z-stage3-v16-7f986159'
ℹ Stadio 2 master: 'analysis/p4-output/A3-stage2-master-innestato.jsonl'
✔ Master Stadio 2 coincide con quello dello Stadio 3 (sha256 b9947746ab19...)
ℹ Loading stage3 + stage2_master...
✔ Loaded: 325059 clusters / 571680 assignments / 24394 stage2 studies (wall 12.7 sec)
ℹ Stadio 3 clusters.rds sha256: 43f3c6fe569d8a628074e3df0d6df412926ebfbf9c915a5e8fdfaafa8826d750 (wall 0.108 sec)
ℹ Pre-filter stage2_master vs ARCHS4 H5 sample axis...
ℹ H5 sample axis: 888821 sample
✔ Pre-filter done in 9.9 sec: 13/489998 sample droppati ("0.003%") — non in ARCHS4 H5 v2.5
           used   (Mb) gc trigger   (Mb) max used   (Mb)
Ncells 24874258 1328.5   43990185 2349.4 43990185 2349.4
Vcells 66707397  509.0  117101956  893.5 81137254  619.1
ℹ deliverable_methods: rem_group
ℹ Layer A: 316 clusters (rem=0, mega=0, mega_aug=0, rem_group=316)
✔ GATE: 316 cluster, tutti rem_group / cgroup_L5_
ℹ MEGA-AUG baseline cluster matchati: 0
ℹ Assignments rilevanti: 5500
ℹ Sample IDs totali Layer A: 24241
✔ h5_metadata: 24241 sample, 5 campi per le corsie

── build_stage4_results ──

ℹ dream_workers resolved: 32
ℹ pezzo 15/16: 19 cluster su 316
pezzo: 19 cluster su 316 ammessi
fusioni: record di 6 cluster assorbiti spostati sul vincente
corsie: 74 campioni in 25 librerie da piu' corsie (5 candidate scartate dalle guardie)
[cluster 1/19] cgroup_L5_b45f7252 (method=rem_group)
[cluster 2/19] cgroup_L5_38635991 (method=rem_group)
[cluster 3/19] cgroup_L5_10344dfd (method=rem_group)
[cluster 4/19] cgroup_L5_8b61f50b (method=rem_group)
  -> cgroup_L5_8b61f50b ok | wall 166.4s | RSS 4.8 GB
[cluster 5/19] cgroup_L5_eb5e1e65 (method=rem_group)
  -> cgroup_L5_eb5e1e65 ok | wall 385.7s | RSS 4.8 GB
[cluster 6/19] cgroup_L5_356eedd3 (method=rem_group)
  -> cgroup_L5_356eedd3 ok | wall 117.8s | RSS 4.8 GB
[cluster 7/19] cgroup_L5_92f4f307 (method=rem_group)
  -> cgroup_L5_92f4f307 ok | wall 117.2s | RSS 4.8 GB
[cluster 8/19] cgroup_L5_922312d6 (method=rem_group)
  -> cgroup_L5_922312d6 ok | wall 130.5s | RSS 4.8 GB
[cluster 9/19] cgroup_L5_766cd3c6 (method=rem_group)
[cluster 10/19] cgroup_L5_5e0c0fae (method=rem_group)
  -> cgroup_L5_5e0c0fae ok | wall 152.0s | RSS 4.8 GB
[cluster 11/19] cgroup_L5_d631ee89 (method=rem_group)
  -> cgroup_L5_d631ee89 ok | wall 179.9s | RSS 4.8 GB
[cluster 12/19] cgroup_L5_a25d0964 (method=rem_group)
  -> cgroup_L5_a25d0964 ok | wall 266.3s | RSS 4.8 GB
[cluster 13/19] cgroup_L5_eba39954 (method=rem_group)
  -> cgroup_L5_eba39954 ok | wall 147.2s | RSS 4.8 GB
[cluster 14/19] cgroup_L5_545a48c6 (method=rem_group)
[cluster 15/19] cgroup_L5_964c6389 (method=rem_group)
[cluster 16/19] cgroup_L5_7805eee6 (method=rem_group)
  -> cgroup_L5_7805eee6 ok | wall 267.7s | RSS 4.8 GB
[cluster 17/19] cgroup_L5_17b55386 (method=rem_group)
  -> cgroup_L5_17b55386 ok | wall 177.1s | RSS 4.8 GB
[cluster 18/19] cgroup_L5_9bdf0dcb (method=rem_group)
  -> cgroup_L5_9bdf0dcb ok | wall 169.4s | RSS 4.8 GB
[cluster 19/19] cgroup_L5_a90d3d64 (method=rem_group)
There were 50 or more warnings (use warnings() to see the first 50)
✔ Build complete in 50.6 min — run_id 3e31e59d
✔ PEZZO 15/16 scritto: '/mnt/wwn-0x5000039d58caca35/simulomicsr-stage4-A3/pezzi/pezzo-15-di-16.rds' | pooled 193394 righe | 50.6 min
