- The project is out-of-sync -- use `renv::status()` for details.
ℹ Loading simulomicsr
Warning message:
replacing previous import ‘S4Arrays::makeNindexFromArrayViewport’ by ‘DelayedArray::makeNindexFromArrayViewport’ when loading ‘SummarizedExperiment’ 

── Stadio 4 Layer A re-pool v16 (Stadio 3 v16, solo ramo rem_group) ────────────
ℹ PEZZO 6 di 16
ℹ Stadio 3: 'analysis/p4-output/20260818T110906Z-stage3-v16-7f986159'
ℹ Stadio 2 master: 'analysis/p4-output/A3-stage2-master-innestato.jsonl'
✔ Master Stadio 2 coincide con quello dello Stadio 3 (sha256 b9947746ab19...)
ℹ Loading stage3 + stage2_master...
✔ Loaded: 325059 clusters / 571680 assignments / 24394 stage2 studies (wall 13.5 sec)
ℹ Stadio 3 clusters.rds sha256: 43f3c6fe569d8a628074e3df0d6df412926ebfbf9c915a5e8fdfaafa8826d750 (wall 0.103 sec)
ℹ Pre-filter stage2_master vs ARCHS4 H5 sample axis...
ℹ H5 sample axis: 888821 sample
✔ Pre-filter done in 7.9 sec: 13/489998 sample droppati ("0.003%") — non in ARCHS4 H5 v2.5
           used   (Mb) gc trigger   (Mb) max used   (Mb)
Ncells 24874276 1328.5   43829602 2340.8 43829602 2340.8
Vcells 66707421  509.0  109338903  834.2 84522780  644.9
ℹ deliverable_methods: rem_group
ℹ Layer A: 316 clusters (rem=0, mega=0, mega_aug=0, rem_group=316)
✔ GATE: 316 cluster, tutti rem_group / cgroup_L5_
ℹ MEGA-AUG baseline cluster matchati: 0
ℹ Assignments rilevanti: 5500
ℹ Sample IDs totali Layer A: 24241
✔ h5_metadata: 24241 sample, 5 campi per le corsie

── build_stage4_results ──

ℹ dream_workers resolved: 32
ℹ pezzo 6/16: 20 cluster su 316
pezzo: 20 cluster su 316 ammessi
fusioni: record di 6 cluster assorbiti spostati sul vincente
corsie: 74 campioni in 25 librerie da piu' corsie (5 candidate scartate dalle guardie)
[cluster 1/20] cgroup_L5_63180d66 (method=rem_group)
[cluster 2/20] cgroup_L5_e17c136b (method=rem_group)
  -> cgroup_L5_e17c136b ok | wall 116.5s | RSS 4.5 GB
[cluster 3/20] cgroup_L5_3a58e5f5 (method=rem_group)
  -> cgroup_L5_3a58e5f5 ok | wall 163.6s | RSS 4.5 GB
[cluster 4/20] cgroup_L5_8341bee7 (method=rem_group)
  -> cgroup_L5_8341bee7 ok | wall 156.9s | RSS 4.5 GB
[cluster 5/20] cgroup_L5_dc7451b1 (method=rem_group)
  -> cgroup_L5_dc7451b1 ok | wall 130.3s | RSS 4.5 GB
[cluster 6/20] cgroup_L5_79ce3bd1 (method=rem_group)
  -> cgroup_L5_79ce3bd1 ok | wall 222.6s | RSS 4.5 GB
[cluster 7/20] cgroup_L5_f97e665a (method=rem_group)
[cluster 8/20] cgroup_L5_535d97f6 (method=rem_group)
  -> cgroup_L5_535d97f6 ok | wall 224.7s | RSS 4.5 GB
[cluster 9/20] cgroup_L5_24ae0579 (method=rem_group)
  -> cgroup_L5_24ae0579 ok | wall 170.3s | RSS 4.5 GB
[cluster 10/20] cgroup_L5_ae11259e (method=rem_group)
  -> cgroup_L5_ae11259e ok | wall 132.2s | RSS 4.5 GB
[cluster 11/20] cgroup_L5_702a5dea (method=rem_group)
  -> cgroup_L5_702a5dea ok | wall 251.5s | RSS 4.5 GB
[cluster 12/20] cgroup_L5_7b545f77 (method=rem_group)
[cluster 13/20] cgroup_L5_455fe91d (method=rem_group)
[cluster 14/20] cgroup_L5_2ab433c8 (method=rem_group)
  -> cgroup_L5_2ab433c8 ok | wall 266.0s | RSS 4.5 GB
[cluster 15/20] cgroup_L5_f25af0a2 (method=rem_group)
[cluster 16/20] cgroup_L5_fea19ca0 (method=rem_group)
  -> cgroup_L5_fea19ca0 ok | wall 281.5s | RSS 4.5 GB
[cluster 17/20] cgroup_L5_871ae09e (method=rem_group)
  -> cgroup_L5_871ae09e ok | wall 669.6s | RSS 5.4 GB
[cluster 18/20] cgroup_L5_a9e6e36b (method=rem_group)
[cluster 19/20] cgroup_L5_d5e79c9e (method=rem_group)
[cluster 20/20] cgroup_L5_74daf1c9 (method=rem_group)
  -> cgroup_L5_74daf1c9 ok | wall 134.2s | RSS 5.4 GB
There were 50 or more warnings (use warnings() to see the first 50)
✔ Build complete in 63 min — run_id 3e31e59d
✔ PEZZO 6/16 scritto: '/mnt/wwn-0x5000039d58caca35/simulomicsr-stage4-A3/pezzi/pezzo-06-di-16.rds' | pooled 213644 righe | 63 min
