- The project is out-of-sync -- use `renv::status()` for details.
ℹ Loading simulomicsr
Warning message:
replacing previous import ‘S4Arrays::makeNindexFromArrayViewport’ by ‘DelayedArray::makeNindexFromArrayViewport’ when loading ‘SummarizedExperiment’ 

── Stadio 4 Layer A re-pool v16 (Stadio 3 v16, solo ramo rem_group) ────────────
ℹ PEZZO 2 di 16
ℹ Stadio 3: 'analysis/p4-output/20260818T110906Z-stage3-v16-7f986159'
ℹ Stadio 2 master: 'analysis/p4-output/A3-stage2-master-innestato.jsonl'
✔ Master Stadio 2 coincide con quello dello Stadio 3 (sha256 b9947746ab19...)
ℹ Loading stage3 + stage2_master...
✔ Loaded: 325059 clusters / 571680 assignments / 24394 stage2 studies (wall 13.5 sec)
ℹ Stadio 3 clusters.rds sha256: 43f3c6fe569d8a628074e3df0d6df412926ebfbf9c915a5e8fdfaafa8826d750 (wall 0.107 sec)
ℹ Pre-filter stage2_master vs ARCHS4 H5 sample axis...
ℹ H5 sample axis: 888821 sample
✔ Pre-filter done in 7.9 sec: 13/489998 sample droppati ("0.003%") — non in ARCHS4 H5 v2.5
           used   (Mb) gc trigger   (Mb) max used   (Mb)
Ncells 24874258 1328.5   43829604 2340.8 43829604 2340.8
Vcells 66707397  509.0  109338868  834.2 84522756  644.9
ℹ deliverable_methods: rem_group
ℹ Layer A: 316 clusters (rem=0, mega=0, mega_aug=0, rem_group=316)
✔ GATE: 316 cluster, tutti rem_group / cgroup_L5_
ℹ MEGA-AUG baseline cluster matchati: 0
ℹ Assignments rilevanti: 5500
ℹ Sample IDs totali Layer A: 24241
✔ h5_metadata: 24241 sample, 5 campi per le corsie

── build_stage4_results ──

ℹ dream_workers resolved: 32
ℹ pezzo 2/16: 20 cluster su 316
pezzo: 20 cluster su 316 ammessi
fusioni: record di 6 cluster assorbiti spostati sul vincente
corsie: 74 campioni in 25 librerie da piu' corsie (5 candidate scartate dalle guardie)
[cluster 1/20] cgroup_L5_b967c97c (method=rem_group)
[cluster 2/20] cgroup_L5_aa8c1d6d (method=rem_group)
[cluster 3/20] cgroup_L5_f44b01e2 (method=rem_group)
[cluster 4/20] cgroup_L5_57810d6c (method=rem_group)
  -> cgroup_L5_57810d6c ok | wall 159.4s | RSS 5.5 GB
[cluster 5/20] cgroup_L5_62404e11 (method=rem_group)
[cluster 6/20] cgroup_L5_cbc935db (method=rem_group)
[cluster 7/20] cgroup_L5_a4029927 (method=rem_group)
  -> cgroup_L5_a4029927 ok | wall 194.0s | RSS 5.5 GB
[cluster 8/20] cgroup_L5_f97e50de (method=rem_group)
  -> cgroup_L5_f97e50de ok | wall 302.7s | RSS 5.5 GB
[cluster 9/20] cgroup_L5_1d96b9da (method=rem_group)
  -> cgroup_L5_1d96b9da ok | wall 310.8s | RSS 5.5 GB
[cluster 10/20] cgroup_L5_c054e202 (method=rem_group)
  -> cgroup_L5_c054e202 ok | wall 219.6s | RSS 5.5 GB
[cluster 11/20] cgroup_L5_d9e23e09 (method=rem_group)
  -> cgroup_L5_d9e23e09 ok | wall 482.3s | RSS 5.6 GB
[cluster 12/20] cgroup_L5_bd40f34f (method=rem_group)
  -> cgroup_L5_bd40f34f ok | wall 241.1s | RSS 5.6 GB
[cluster 13/20] cgroup_L5_3e8ba26a (method=rem_group)
[cluster 14/20] cgroup_L5_ee94648c (method=rem_group)
[cluster 15/20] cgroup_L5_2a225fda (method=rem_group)
  -> cgroup_L5_2a225fda ok | wall 241.6s | RSS 5.6 GB
[cluster 16/20] cgroup_L5_7ba0168b (method=rem_group)
[cluster 17/20] cgroup_L5_35d1be10 (method=rem_group)
  -> cgroup_L5_35d1be10 ok | wall 225.6s | RSS 5.6 GB
[cluster 18/20] cgroup_L5_3ec58cd6 (method=rem_group)
  -> cgroup_L5_3ec58cd6 ok | wall 208.6s | RSS 5.6 GB
[cluster 19/20] cgroup_L5_16aef109 (method=rem_group)
[cluster 20/20] cgroup_L5_9de3f0ea (method=rem_group)
  -> cgroup_L5_9de3f0ea ok | wall 154.7s | RSS 5.6 GB
There were 50 or more warnings (use warnings() to see the first 50)
✔ Build complete in 60 min — run_id 3e31e59d
✔ PEZZO 2/16 scritto: '/mnt/wwn-0x5000039d58caca35/simulomicsr-stage4-A3/pezzi/pezzo-02-di-16.rds' | pooled 182463 righe | 60 min
