- The project is out-of-sync -- use `renv::status()` for details.
Warning message:
replacing previous import ‘S4Arrays::makeNindexFromArrayViewport’ by ‘DelayedArray::makeNindexFromArrayViewport’ when loading ‘SummarizedExperiment’ 

── Ricomposizione di 16 pezzi ──────────────────────────────────────────────────
ℹ leggo 'pezzo-01-di-16.rds'
ℹ leggo 'pezzo-02-di-16.rds'
ℹ leggo 'pezzo-03-di-16.rds'
ℹ leggo 'pezzo-04-di-16.rds'
ℹ leggo 'pezzo-05-di-16.rds'
ℹ leggo 'pezzo-06-di-16.rds'
ℹ leggo 'pezzo-07-di-16.rds'
ℹ leggo 'pezzo-08-di-16.rds'
ℹ leggo 'pezzo-09-di-16.rds'
ℹ leggo 'pezzo-10-di-16.rds'
ℹ leggo 'pezzo-11-di-16.rds'
ℹ leggo 'pezzo-12-di-16.rds'
ℹ leggo 'pezzo-13-di-16.rds'
ℹ leggo 'pezzo-14-di-16.rds'
ℹ leggo 'pezzo-15-di-16.rds'
ℹ leggo 'pezzo-16-di-16.rds'
✔ unito: 3210306 righe poolate | 32272005 per-studio | 194 cluster
ℹ registri: dispatch_drops 3319 | covariate_drops 4444 | conflitti di ruolo 0 | collassi di corsia 18
ℹ scrivo in '/mnt/wwn-0x5000039d58caca35/simulomicsr-stage4-v16/20260819T185517Z-stage4-v16-3e31e59d'

── annotazione del deliverable ──

── Annotazione a freddo del deliverable v15 ────────────────────────────────────
ℹ pool:     '/mnt/wwn-0x5000039d58caca35/simulomicsr-stage4-v16/20260819T185517Z-stage4-v16-3e31e59d'
ℹ stadio 3: 'analysis/p4-output/20260818T110906Z-stage3-v16-7f986159'
ℹ verdetti: 'analysis/audit/2026-08-16-A3/verdetti-A3.csv'
✔ Caricati: 325059 cluster stadio 3 | 194 cluster poolati | 3210306 righe pooled | 32272005 righe per-studio (wall 11 sec)
ℹ meta_ann: 194 gruppi poolati
✔ Verdetti: 4 tutti agganciati a un gruppo poolato.
ℹ record_id agganciati alle etichette: 1538/4351
✔ Deliverable annotato: 194 meta-analisi | dominate da un solo studio 116 | meno di 2 studi efficaci 67
ℹ coerenza: coherent 190 | incoerenti 4 | NA 0
✔ FATTO: '/mnt/wwn-0x5000039d58caca35/simulomicsr-stage4-v16/20260819T185517Z-stage4-v16-3e31e59d'
