- The project is out-of-sync -- use `renv::status()` for details.
Warning message:
replacing previous import ‘S4Arrays::makeNindexFromArrayViewport’ by ‘DelayedArray::makeNindexFromArrayViewport’ when loading ‘SummarizedExperiment’ 
costruisco l'indice degli alias...
  chebi     499451 chiavi univoche
  chembl    113619 chiavi univoche
  hgnc      139426 chiavi univoche
  mesh      237658 chiavi univoche
  taxon    3313686 chiavi univoche
  costruzione: 145.7 s
regimi verificati: ON fonde tgfb, OFF no.
carico lo Stadio 2...
            used   (Mb) gc trigger   (Mb)  max used   (Mb)
Ncells  99324561 5304.6  182049014 9722.5 170164093 9087.8
Vcells 170807525 1303.2  288212162 2198.9 239903214 1830.4
confronti totali nel corpus: 87092
[strumento] etichette: max 238 char · mediana 22 
            == 40: 1868
            == 58: 451
            == 64: 300
            == 100: 18
            == 128: 3
            == 255: 0
[strumento] factor_levels: max 319 char

  2000/87092 (1.3 min)
  4000/87092 (2.4 min)
  6000/87092 (3.6 min)
  8000/87092 (4.7 min)
  10000/87092 (5.8 min)
  12000/87092 (6.9 min)
  14000/87092 (8 min)
  16000/87092 (9.1 min)
  18000/87092 (10.2 min)
  20000/87092 (11.3 min)
  22000/87092 (12.5 min)
  24000/87092 (13.6 min)
  26000/87092 (14.6 min)
  28000/87092 (15.8 min)
  30000/87092 (16.8 min)
  32000/87092 (18 min)
  34000/87092 (19.1 min)
  36000/87092 (20.2 min)
  38000/87092 (21.3 min)
  40000/87092 (22.5 min)
  42000/87092 (23.5 min)
  44000/87092 (24.6 min)
  46000/87092 (25.7 min)
  48000/87092 (26.8 min)
  50000/87092 (27.9 min)
  52000/87092 (29 min)
  54000/87092 (30.1 min)
  56000/87092 (31.4 min)
  58000/87092 (32.6 min)
  60000/87092 (33.6 min)
  62000/87092 (34.7 min)
  64000/87092 (35.8 min)
  66000/87092 (36.8 min)
  68000/87092 (37.9 min)
  70000/87092 (39 min)
  72000/87092 (40 min)
  74000/87092 (41.3 min)
  76000/87092 (42.4 min)
  78000/87092 (43.5 min)
  80000/87092 (44.6 min)
  82000/87092 (45.7 min)
  84000/87092 (46.7 min)
  86000/87092 (47.8 min)

fatto in 48.7 min
righe: 87092 
EXIT_MISURA=0
