- The project is out-of-sync -- use `renv::status()` for details.
Warning message:
replacing previous import ‘S4Arrays::makeNindexFromArrayViewport’ by ‘DelayedArray::makeNindexFromArrayViewport’ when loading ‘SummarizedExperiment’ 
costruisco l'indice degli alias...
  chebi     499451 chiavi univoche
  chembl    113619 chiavi univoche
  hgnc      139426 chiavi univoche
  mesh      237658 chiavi univoche
  taxon    3313686 chiavi univoche
  costruzione: 157.2 s
regimi verificati: ON fonde tgfb, OFF no.
carico lo Stadio 2...
            used   (Mb) gc trigger   (Mb)  max used   (Mb)
Ncells  99325137 5304.6  182020005 9721.0 170166299 9087.9
Vcells 170812641 1303.2  288243380 2199.2 239889901 1830.3
confronti totali nel corpus: 87092
[strumento] etichette: max 238 char · mediana 22 
            == 40: 1868
            == 58: 451
            == 64: 300
            == 100: 18
            == 128: 3
            == 255: 0
[strumento] factor_levels: max 319 char

  2000/87092 (1.4 min)
  4000/87092 (2.7 min)
  6000/87092 (4 min)
  8000/87092 (5.2 min)
  10000/87092 (6.6 min)
  12000/87092 (7.8 min)
  14000/87092 (9 min)
  16000/87092 (10.3 min)
  18000/87092 (11.5 min)
  20000/87092 (12.8 min)
  22000/87092 (14 min)
  24000/87092 (15.2 min)
  26000/87092 (16.4 min)
  28000/87092 (17.6 min)
  30000/87092 (18.7 min)
  32000/87092 (19.9 min)
  34000/87092 (21 min)
  36000/87092 (22.2 min)
  38000/87092 (23.4 min)
  40000/87092 (24.6 min)
  42000/87092 (25.6 min)
  44000/87092 (26.8 min)
  46000/87092 (27.9 min)
  48000/87092 (29.1 min)
  50000/87092 (30.2 min)
  52000/87092 (31.3 min)
  54000/87092 (32.4 min)
  56000/87092 (33.9 min)
  58000/87092 (35 min)
  60000/87092 (36.1 min)
  62000/87092 (37.3 min)
  64000/87092 (38.4 min)
  66000/87092 (39.5 min)
  68000/87092 (40.6 min)
  70000/87092 (41.8 min)
  72000/87092 (42.9 min)
  74000/87092 (44.2 min)
  76000/87092 (45.3 min)
  78000/87092 (46.5 min)
  80000/87092 (47.6 min)
  82000/87092 (48.8 min)
  84000/87092 (49.9 min)
  86000/87092 (51.1 min)

fatto in 52 min
righe: 87092 
EXIT_MISURA=0
