- The project is out-of-sync -- use `renv::status()` for details.
Warning message:
replacing previous import ‘S4Arrays::makeNindexFromArrayViewport’ by ‘DelayedArray::makeNindexFromArrayViewport’ when loading ‘SummarizedExperiment’ 
costruisco l'indice degli alias...
  chebi     499451 chiavi univoche
  chembl    113619 chiavi univoche
  hgnc      139426 chiavi univoche
  mesh      237658 chiavi univoche
  taxon    3313686 chiavi univoche
  costruzione: 156.3 s
regimi verificati: ON fonde tgfb, OFF no.
carico lo Stadio 2...
            used   (Mb) gc trigger   (Mb)  max used   (Mb)
Ncells  99324506 5304.6  179973254 9611.7 132845414 7094.8
Vcells 170807516 1303.2  287912891 2196.7 247187048 1885.9
confronti totali nel corpus: 87092
[strumento] etichette: max 238 char · mediana 22 
            == 40: 1868
            == 58: 451
            == 64: 300
            == 100: 18
            == 128: 3
            == 255: 0
[strumento] factor_levels: max 319 char

  2000/87092 (1.3 min)
  4000/87092 (2.5 min)
  6000/87092 (3.7 min)
  8000/87092 (5.1 min)
  10000/87092 (6.3 min)
  12000/87092 (7.4 min)
  14000/87092 (8.6 min)
  16000/87092 (9.8 min)
  18000/87092 (11 min)
  20000/87092 (12.1 min)
  22000/87092 (13.4 min)
  24000/87092 (14.5 min)
  26000/87092 (15.7 min)
  28000/87092 (16.9 min)
  30000/87092 (18 min)
  32000/87092 (19.3 min)
  34000/87092 (20.4 min)
  36000/87092 (21.6 min)
  38000/87092 (22.8 min)
  40000/87092 (24 min)
  42000/87092 (25 min)
  44000/87092 (26.2 min)
  46000/87092 (27.3 min)
  48000/87092 (28.4 min)
  50000/87092 (29.5 min)
  52000/87092 (30.6 min)
  54000/87092 (31.7 min)
  56000/87092 (32.8 min)
  58000/87092 (34 min)
  60000/87092 (35 min)
  62000/87092 (36.1 min)
  64000/87092 (37.3 min)
  66000/87092 (38.3 min)
  68000/87092 (39.4 min)
  70000/87092 (40.5 min)
  72000/87092 (41.6 min)
  74000/87092 (42.9 min)
  76000/87092 (44.1 min)
  78000/87092 (45.2 min)
  80000/87092 (46.3 min)
  82000/87092 (47.4 min)
  84000/87092 (48.6 min)
  86000/87092 (49.7 min)

fatto in 50.6 min
righe: 87092 
EXIT=0
