- The project is out-of-sync -- use `renv::status()` for details.
Warning message:
replacing previous import ‘S4Arrays::makeNindexFromArrayViewport’ by ‘DelayedArray::makeNindexFromArrayViewport’ when loading ‘SummarizedExperiment’ 
costruisco l'indice degli alias...
  chebi     499451 chiavi univoche
  chembl    113619 chiavi univoche
  hgnc      139426 chiavi univoche
  mesh      237658 chiavi univoche
  taxon    3313686 chiavi univoche
  costruzione: 168.3 s
regimi verificati: ON fonde tgfb, OFF no.
carico lo Stadio 2...
            used   (Mb) gc trigger   (Mb)  max used   (Mb)
Ncells  99324512 5304.6  179964227 9611.2 132858177 7095.4
Vcells 170807271 1303.2  287911815 2196.6 247189876 1886.0
confronti totali nel corpus: 87092
[strumento] etichette: max 238 char · mediana 22 
            == 40: 1868
            == 58: 451
            == 64: 300
            == 100: 18
            == 128: 3
            == 255: 0
[strumento] factor_levels: max 319 char

  2000/87092 (1.3 min)
  4000/87092 (2.5 min)
  6000/87092 (3.6 min)
  8000/87092 (5 min)
  10000/87092 (6.1 min)
  12000/87092 (7.2 min)
  14000/87092 (8.4 min)
  16000/87092 (9.5 min)
  18000/87092 (10.7 min)
  20000/87092 (11.8 min)
  22000/87092 (13 min)
  24000/87092 (14.2 min)
  26000/87092 (15.3 min)
  28000/87092 (16.5 min)
  30000/87092 (17.6 min)
  32000/87092 (18.8 min)
  34000/87092 (19.9 min)
  36000/87092 (21.1 min)
  38000/87092 (22.3 min)
  40000/87092 (23.4 min)
  42000/87092 (24.5 min)
  44000/87092 (25.6 min)
  46000/87092 (26.7 min)
  48000/87092 (27.8 min)
  50000/87092 (28.9 min)
  52000/87092 (30 min)
  54000/87092 (31.1 min)
  56000/87092 (32.2 min)
  58000/87092 (33.3 min)
  60000/87092 (34.4 min)
  62000/87092 (35.5 min)
  64000/87092 (36.6 min)
  66000/87092 (37.6 min)
  68000/87092 (38.7 min)
  70000/87092 (39.8 min)
  72000/87092 (40.9 min)
  74000/87092 (42.2 min)
  76000/87092 (43.3 min)
  78000/87092 (44.4 min)
  80000/87092 (45.6 min)
  82000/87092 (46.7 min)
  84000/87092 (47.8 min)
  86000/87092 (48.9 min)

fatto in 49.8 min
righe: 87092 
EXIT=0
