- The project is out-of-sync -- use `renv::status()` for details.
Warning message:
replacing previous import ‘S4Arrays::makeNindexFromArrayViewport’ by ‘DelayedArray::makeNindexFromArrayViewport’ when loading ‘SummarizedExperiment’ 
costruisco l'indice degli alias...
  chebi     499451 chiavi univoche
  chembl    113619 chiavi univoche
  hgnc      139426 chiavi univoche
  mesh      237658 chiavi univoche
  taxon    3313686 chiavi univoche
  costruzione: 153.8 s
regimi verificati: ON fonde tgfb, OFF no.
carico lo Stadio 2...
            used   (Mb) gc trigger   (Mb)  max used   (Mb)
Ncells  99324397 5304.5  160395341 8566.1 160395341 8566.1
Vcells 170806435 1303.2  287907875 2196.6 287238893 2191.5
confronti totali nel corpus: 87092
[strumento] etichette: max 238 char · mediana 22 
            == 40: 1868
            == 58: 451
            == 64: 300
            == 100: 18
            == 128: 3
            == 255: 0
[strumento] factor_levels: max 319 char

  2000/87092 (1.3 min)
  4000/87092 (2.6 min)
  6000/87092 (3.8 min)
  8000/87092 (5 min)
  10000/87092 (6.2 min)
  12000/87092 (7.3 min)
  14000/87092 (8.5 min)
  16000/87092 (9.7 min)
  18000/87092 (10.9 min)
  20000/87092 (12 min)
  22000/87092 (13.3 min)
  24000/87092 (14.4 min)
  26000/87092 (15.5 min)
  28000/87092 (16.7 min)
  30000/87092 (17.9 min)
  32000/87092 (19.1 min)
  34000/87092 (20.2 min)
  36000/87092 (21.5 min)
  38000/87092 (22.7 min)
  40000/87092 (23.9 min)
  42000/87092 (25 min)
  44000/87092 (26.2 min)
  46000/87092 (27.3 min)
  48000/87092 (28.5 min)
  50000/87092 (29.6 min)
  52000/87092 (30.7 min)
  54000/87092 (31.9 min)
  56000/87092 (33 min)
  58000/87092 (34.2 min)
  60000/87092 (35.3 min)
  62000/87092 (36.6 min)
  64000/87092 (37.8 min)
  66000/87092 (38.8 min)
  68000/87092 (39.9 min)
  70000/87092 (41.1 min)
  72000/87092 (42.2 min)
  74000/87092 (43.5 min)
  76000/87092 (44.6 min)
  78000/87092 (45.8 min)
  80000/87092 (46.9 min)
  82000/87092 (48.1 min)
  84000/87092 (49.2 min)
  86000/87092 (50.4 min)

fatto in 51.3 min
righe: 87092 
EXIT=0
