- The project is out-of-sync -- use `renv::status()` for details.
Warning message:
replacing previous import ‘S4Arrays::makeNindexFromArrayViewport’ by ‘DelayedArray::makeNindexFromArrayViewport’ when loading ‘SummarizedExperiment’ 
costruisco l'indice degli alias...
  chebi     499451 chiavi univoche
  chembl    113619 chiavi univoche
  hgnc      139426 chiavi univoche
  mesh      237658 chiavi univoche
  taxon    3313686 chiavi univoche
  costruzione: 167.1 s
regimi verificati: ON fonde tgfb, OFF no.
carico lo Stadio 2...
            used   (Mb) gc trigger   (Mb)  max used   (Mb)
Ncells  99324181 5304.5  176310135 9416.0 137571452 7347.2
Vcells 170805662 1303.2  287909025 2196.6 251793040 1921.1
confronti totali nel corpus: 87092
[strumento] etichette: max 238 char · mediana 22 
            == 40: 1868
            == 58: 451
            == 64: 300
            == 100: 18
            == 128: 3
            == 255: 0
[strumento] factor_levels: max 319 char

  2000/87092 (1.3 min)
  4000/87092 (2.5 min)
EXIT=143
