- The project is out-of-sync -- use `renv::status()` for details.
Warning message:
replacing previous import ‘S4Arrays::makeNindexFromArrayViewport’ by ‘DelayedArray::makeNindexFromArrayViewport’ when loading ‘SummarizedExperiment’ 
================ SCREEN DI IDENTITA' SU TUTTE LE FUSIONI ================
  coppie totali: 923 · membri: 3124
  sostenute dal NOME primario :  682 coppie ( 73.9%) · 2432 membri ( 77.8%)
  DA LEGGERE (solo alias)     :  241 coppie ( 26.1%) ·  692 membri ( 22.2%)

  --- per lunghezza del token: dove si concentra il rischio ---
 lunghezza coppie sostenute pct_sostenute membri
         4    231       136          58.9    746
         5    160       130          81.2    351
         6    151       126          83.4    409
       7-8    121        92          76.0    623
        9+    260       198          76.2    995

  --- le 40 piu' grosse fra quelle da leggere ---
                                     da                    a
                              STR:msa_p            HGNC:7413
                              STR:r5020          CHEBI:73390
                              STR:il_27         MeSH:D064094
                        STR:1_25_oh_2d3         MeSH:D002117
                               STR:4oht          CHEBI:44616
                    STR:prostate_cancer         MeSH:D011471
                              STR:pla_b           HGNC:30142
                               STR:copd             HGNC:649
                 STR:alcoholusedisorder         MeSH:D000437
                               STR:kshv         MeSH:D019288
               STR:huntington_s_disease         MeSH:D006816
                               STR:nets           HGNC:15464
                              STR:fshd2           HGNC:29090
                       STR:colon_cancer         MeSH:D003110
                       STR:pneumococcus         MeSH:D013296
                               STR:cpd1 CHEMBL:CHEMBL4297626
                          STR:hcov_oc43         MeSH:D028962
                               STR:arac          CHEBI:28680
                           STR:pd325901          CHEBI:88249
                               STR:chmi           HGNC:17005
                             STR:mid_49           HGNC:17920
                               STR:r837          CHEBI:36704
                               STR:zikv      MeSH:D000071244
 STR:extra_intestinal_pathogenic_e_coli      MeSH:D000072282
                           STR:kerosine         MeSH:D007648
                             STR:tcells         MeSH:D013601
                               STR:mibg         MeSH:D019797
                          STR:hcov_229e         MeSH:D028941
                              STR:e_cig         MeSH:D066300
                              STR:ms275         CHEBI:132082
                             STR:ose127 CHEMBL:CHEMBL4650498
                               STR:mos2           HGNC:30677
                         STR:trisomy_21         MeSH:D004314
                STR:parasitic_infection         MeSH:D010272
                 STR:ionizing_radiation         MeSH:D011839
                        STR:ici_182_780          CHEBI:31638
                              STR:pcb52          CHEBI:34206
                            STR:a771726          CHEBI:68540
                             STR:pdgfbb CHEMBL:CHEMBL1201556
                          STR:vitamin_d    CHEMBL:CHEMBL1536
                                        nome Freq
                                        MTAP   27
                                promegestone   24
                              Interleukin-27   20
                                  Calcitriol   18
                                 afimoxifene   17
                         Prostatic Neoplasms   17
                                       GDF15   11
                                       ARCN1   11
                                  Alcoholism   11
                        Herpesvirus 8, Human   11
                          Huntington Disease   10
                                      SPINK5    9
                                      SMCHD1    9
                           Colonic Neoplasms    9
                    Streptococcus pneumoniae    9
                                   NIDUFEXOR    8
                     Coronavirus OC43, Human    8
                                  cytarabine    7
                                  PD 0325901    7
                                        CNMD    7
                                       MIEF2    7
                                   imiquimod    6
                                  Zika Virus    6
 Extraintestinal Pathogenic Escherichia coli    6
                                    Kerosene    6
                               T-Lymphocytes    6
                       3-Iodobenzylguanidine    6
                     Coronavirus 229E, Human    6
        Electronic Nicotine Delivery Systems    6
                                  entinostat    5
                               LUSVERTIKIMAB    5
                                       GPKOW    5
                               Down Syndrome    5
                          Parasitic Diseases    5
                         Radiation, Ionizing    5
                                 fulvestrant    4
               2,2',5,5'-tetrachlorobiphenyl    4
                               teriflunomide    4
                                 BECAPLERMIN    4
                              ERGOCALCIFEROL    4

Scritto 80-da-leggere-identita.csv
EXIT=0
