- The project is out-of-sync -- use `renv::status()` for details.
Warning message:
replacing previous import ‘S4Arrays::makeNindexFromArrayViewport’ by ‘DelayedArray::makeNindexFromArrayViewport’ when loading ‘SummarizedExperiment’ 
2026-07-25 23:13:12 - verdetto di pacchetto su 38440 membri...
  5000/38440 (80s)
  10000/38440 (140s)
  15000/38440 (202s)
  20000/38440 (265s)
  25000/38440 (322s)
  30000/38440 (391s)
  35000/38440 (447s)

=== esito per-membro: pacchetto vs gate misurato ===
membri: 38440 
verdetto identico (tenuto/scartato): 38427 (99.97%)
tenuti da entrambi: 20750 
entita' identica sui tenuti da entrambi: 20750 

=== ragioni di scarto: gate misurato vs pacchetto ===
                        gate Freq_v11 Freq_pacchetto
             contrasto_rotto      350            350
        controllo_non_valido      105            105
           delta_multiclasse     2427           2427
             entita_costante      681            659
                id_blacklist      219            219
                   induttore       16             16
              label_degenere       14             14
                    no_delta     3923           3923
                   no_entity     1003           1003
               nome_generico       33             33
               nome_ombrello      147            184
                          ok    20763          20750
      resistenza_asimmetrica      140            140
 riga_combinazione_non_vista       60             58
   riga_genetica_asimmetrica      870            870
       riga_soggetto_diverso     1162           1162
     riga_tempo_non_appaiato      630            630
                str_generico     5786           5786
     trattato_e_un_controllo      111            111

differenze totali: 13 

transizioni piu' frequenti (vecchio -> nuovo):
ok -> nome_ombrello 
                 13 

=== gruppi poolabili k>=3 col codice di pacchetto: 146  (gate misurato: 144) ===
k>=5: 66 

=== gruppi bandiera ===
  NCBITaxon:2697049    k=28
  CHEBI:16412          k=26
  HGNC:11766           k=27
  CHEBI:68534          k=21
  CHEBI:63637          k=13

 2026-07-25 23:21:19 - salvato equivalenza-builder.rds
